[WARNING] 
[WARNING] Some problems were encountered while building the effective settings
[WARNING] Unrecognised tag: 'repository' (position: START_TAG seen ...</server>\n    -->\n    <repository>... @134:17)  @ /Users/zhangyd/software/apache-maven-3.9.9/conf/settings.xml, line 134, column 17
[WARNING] 
[INFO] Scanning for projects...
[INFO] 
[INFO] ------------------------< com.push:push-system >------------------------
[INFO] Building Push System 1.0.0-SNAPSHOT
[INFO]   from pom.xml
[INFO] --------------------------------[ jar ]---------------------------------
[WARNING] The artifact mysql:mysql-connector-java:jar:8.0.33 has been relocated to com.mysql:mysql-connector-j:jar:8.0.33: MySQL Connector/J artifacts moved to reverse-DNS compliant Maven 2+ coordinates.
[INFO] 
[INFO] --- resources:3.2.0:resources (default-resources) @ push-system ---
[INFO] Using 'UTF-8' encoding to copy filtered resources.
[INFO] Using 'UTF-8' encoding to copy filtered properties files.
[INFO] Copying 1 resource
[INFO] Copying 1 resource
[INFO] 
[INFO] --- compiler:3.10.1:compile (default-compile) @ push-system ---
[INFO] Nothing to compile - all classes are up to date
[INFO] 
[INFO] --- resources:3.2.0:testResources (default-testResources) @ push-system ---
[INFO] Using 'UTF-8' encoding to copy filtered resources.
[INFO] Using 'UTF-8' encoding to copy filtered properties files.
[INFO] skip non existing resourceDirectory /Users/zhangyd/IdeaProjects/aicoding/src/test/resources
[INFO] 
[INFO] --- compiler:3.10.1:testCompile (default-testCompile) @ push-system ---
[INFO] Nothing to compile - all classes are up to date
[INFO] 
[INFO] --- surefire:2.22.2:test (default-test) @ push-system ---
[INFO] 
[INFO] -------------------------------------------------------
[INFO]  T E S T S
[INFO] -------------------------------------------------------
[INFO] Running com.push.system.SubscriptionPublishIntegrationTest
09:55:53.849 [main] DEBUG org.springframework.test.context.BootstrapUtils - Instantiating CacheAwareContextLoaderDelegate from class [org.springframework.test.context.cache.DefaultCacheAwareContextLoaderDelegate]
09:55:53.853 [main] DEBUG org.springframework.test.context.BootstrapUtils - Instantiating BootstrapContext using constructor [public org.springframework.test.context.support.DefaultBootstrapContext(java.lang.Class,org.springframework.test.context.CacheAwareContextLoaderDelegate)]
09:55:53.863 [main] DEBUG org.springframework.test.context.BootstrapUtils - Instantiating TestContextBootstrapper for test class [com.push.system.SubscriptionPublishIntegrationTest] from class [org.springframework.boot.test.context.SpringBootTestContextBootstrapper]
09:55:53.867 [main] INFO org.springframework.boot.test.context.SpringBootTestContextBootstrapper - Neither @ContextConfiguration nor @ContextHierarchy found for test class [com.push.system.SubscriptionPublishIntegrationTest], using SpringBootContextLoader
09:55:53.868 [main] DEBUG org.springframework.test.context.support.AbstractContextLoader - Did not detect default resource location for test class [com.push.system.SubscriptionPublishIntegrationTest]: class path resource [com/push/system/SubscriptionPublishIntegrationTest-context.xml] does not exist
09:55:53.868 [main] DEBUG org.springframework.test.context.support.AbstractContextLoader - Did not detect default resource location for test class [com.push.system.SubscriptionPublishIntegrationTest]: class path resource [com/push/system/SubscriptionPublishIntegrationTestContext.groovy] does not exist
09:55:53.868 [main] INFO org.springframework.test.context.support.AbstractContextLoader - Could not detect default resource locations for test class [com.push.system.SubscriptionPublishIntegrationTest]: no resource found for suffixes {-context.xml, Context.groovy}.
09:55:53.868 [main] INFO org.springframework.test.context.support.AnnotationConfigContextLoaderUtils - Could not detect default configuration classes for test class [com.push.system.SubscriptionPublishIntegrationTest]: SubscriptionPublishIntegrationTest does not declare any static, non-private, non-final, nested classes annotated with @Configuration.
09:55:53.885 [main] DEBUG org.springframework.test.context.support.ActiveProfilesUtils - Could not find an 'annotation declaring class' for annotation type [org.springframework.test.context.ActiveProfiles] and class [com.push.system.SubscriptionPublishIntegrationTest]
09:55:53.902 [main] DEBUG org.springframework.context.annotation.ClassPathScanningCandidateComponentProvider - Identified candidate component class: file [/Users/zhangyd/IdeaProjects/aicoding/target/classes/com/push/system/PushSystemApplication.class]
09:55:53.902 [main] INFO org.springframework.boot.test.context.SpringBootTestContextBootstrapper - Found @SpringBootConfiguration com.push.system.PushSystemApplication for test class com.push.system.SubscriptionPublishIntegrationTest
09:55:53.928 [main] DEBUG org.springframework.boot.test.context.SpringBootTestContextBootstrapper - @TestExecutionListeners is not present for class [com.push.system.SubscriptionPublishIntegrationTest]: using defaults.
09:55:53.928 [main] INFO org.springframework.boot.test.context.SpringBootTestContextBootstrapper - Loaded default TestExecutionListener class names from location [META-INF/spring.factories]: [org.springframework.boot.test.mock.mockito.MockitoTestExecutionListener, org.springframework.boot.test.mock.mockito.ResetMocksTestExecutionListener, org.springframework.boot.test.autoconfigure.restdocs.RestDocsTestExecutionListener, org.springframework.boot.test.autoconfigure.web.client.MockRestServiceServerResetTestExecutionListener, org.springframework.boot.test.autoconfigure.web.servlet.MockMvcPrintOnlyOnFailureTestExecutionListener, org.springframework.boot.test.autoconfigure.web.servlet.WebDriverTestExecutionListener, org.springframework.boot.test.autoconfigure.webservices.client.MockWebServiceServerTestExecutionListener, org.springframework.test.context.web.ServletTestExecutionListener, org.springframework.test.context.support.DirtiesContextBeforeModesTestExecutionListener, org.springframework.test.context.event.ApplicationEventsTestExecutionListener, org.springframework.test.context.support.DependencyInjectionTestExecutionListener, org.springframework.test.context.support.DirtiesContextTestExecutionListener, org.springframework.test.context.transaction.TransactionalTestExecutionListener, org.springframework.test.context.jdbc.SqlScriptsTestExecutionListener, org.springframework.test.context.event.EventPublishingTestExecutionListener]
09:55:53.933 [main] INFO org.springframework.boot.test.context.SpringBootTestContextBootstrapper - Using TestExecutionListeners: [org.springframework.test.context.web.ServletTestExecutionListener@58326051, org.springframework.test.context.support.DirtiesContextBeforeModesTestExecutionListener@32c4e8b2, org.springframework.test.context.event.ApplicationEventsTestExecutionListener@64bce832, org.springframework.boot.test.mock.mockito.MockitoTestExecutionListener@764faa6, org.springframework.boot.test.autoconfigure.SpringBootDependencyInjectionTestExecutionListener@4c1f22f3, org.springframework.test.context.support.DirtiesContextTestExecutionListener@598bd2ba, org.springframework.test.context.transaction.TransactionalTestExecutionListener@5a755cc1, org.springframework.test.context.jdbc.SqlScriptsTestExecutionListener@7ae42ce3, org.springframework.test.context.event.EventPublishingTestExecutionListener@4f5991f6, org.springframework.boot.test.mock.mockito.ResetMocksTestExecutionListener@484094a5, org.springframework.boot.test.autoconfigure.restdocs.RestDocsTestExecutionListener@38234a38, org.springframework.boot.test.autoconfigure.web.client.MockRestServiceServerResetTestExecutionListener@63fbfaeb, org.springframework.boot.test.autoconfigure.web.servlet.MockMvcPrintOnlyOnFailureTestExecutionListener@602e0143, org.springframework.boot.test.autoconfigure.web.servlet.WebDriverTestExecutionListener@2c07545f, org.springframework.boot.test.autoconfigure.webservices.client.MockWebServiceServerTestExecutionListener@e57b96d]
09:55:53.934 [main] DEBUG org.springframework.test.context.support.AbstractDirtiesContextTestExecutionListener - Before test class: context [DefaultTestContext@3d3e5463 testClass = SubscriptionPublishIntegrationTest, testInstance = [null], testMethod = [null], testException = [null], mergedContextConfiguration = [WebMergedContextConfiguration@64a40280 testClass = SubscriptionPublishIntegrationTest, locations = '{}', classes = '{class com.push.system.PushSystemApplication}', contextInitializerClasses = '[]', activeProfiles = '{}', propertySourceLocations = '{}', propertySourceProperties = '{org.springframework.boot.test.context.SpringBootTestContextBootstrapper=true}', contextCustomizers = set[[ImportsContextCustomizer@4b40f651 key = [org.springframework.boot.test.autoconfigure.web.servlet.MockMvcAutoConfiguration, org.springframework.boot.test.autoconfigure.web.servlet.MockMvcWebClientAutoConfiguration, org.springframework.boot.test.autoconfigure.web.servlet.MockMvcWebDriverAutoConfiguration, org.springframework.boot.autoconfigure.security.oauth2.client.servlet.OAuth2ClientAutoConfiguration, org.springframework.boot.autoconfigure.security.oauth2.resource.servlet.OAuth2ResourceServerAutoConfiguration, org.springframework.boot.autoconfigure.security.servlet.SecurityAutoConfiguration, org.springframework.boot.autoconfigure.security.servlet.SecurityFilterAutoConfiguration, org.springframework.boot.autoconfigure.security.servlet.UserDetailsServiceAutoConfiguration, org.springframework.boot.test.autoconfigure.web.servlet.MockMvcSecurityConfiguration, org.springframework.boot.test.autoconfigure.web.reactive.WebTestClientAutoConfiguration]], org.springframework.boot.test.context.filter.ExcludeFilterContextCustomizer@5d534f5d, org.springframework.boot.test.json.DuplicateJsonObjectContextCustomizerFactory$DuplicateJsonObjectContextCustomizer@6fdbe764, org.springframework.boot.test.mock.mockito.MockitoContextCustomizer@0, org.springframework.boot.test.web.client.TestRestTemplateContextCustomizer@6574a52c, org.springframework.boot.test.autoconfigure.actuate.metrics.MetricsExportContextCustomizerFactory$DisableMetricExportContextCustomizer@55a147cc, org.springframework.boot.test.autoconfigure.properties.PropertyMappingContextCustomizer@4b3fa0b3, org.springframework.boot.test.autoconfigure.web.servlet.WebDriverContextCustomizerFactory$Customizer@11392934, org.springframework.boot.test.context.SpringBootTestArgs@1, org.springframework.boot.test.context.SpringBootTestWebEnvironment@4e7dc304], resourceBasePath = 'src/main/webapp', contextLoader = 'org.springframework.boot.test.context.SpringBootContextLoader', parent = [null]], attributes = map['org.springframework.test.context.web.ServletTestExecutionListener.activateListener' -> true]], class annotated with @DirtiesContext [false] with mode [null].

  .   ____          _            __ _ _
 /\\ / ___'_ __ _ _(_)_ __  __ _ \ \ \ \
( ( )\___ | '_ | '_| | '_ \/ _` | \ \ \ \
 \\/  ___)| |_)| | | | | || (_| |  ) ) ) )
  '  |____| .__|_| |_|_| |_\__, | / / / /
 =========|_|==============|___/=/_/_/_/
 :: Spring Boot ::               (v2.7.14)

2026-09-07 09:55:54 [main] INFO  c.p.s.SubscriptionPublishIntegrationTest - Starting SubscriptionPublishIntegrationTest using Java 21.0.10 on MacBook-Pro-3.local with PID 15516 (started by zhangyd in /Users/zhangyd/IdeaProjects/aicoding)
2026-09-07 09:55:54 [main] INFO  c.p.s.SubscriptionPublishIntegrationTest - No active profile set, falling back to 1 default profile: "default"
2026-09-07 09:55:54 [main] WARN  o.m.s.mapper.ClassPathMapperScanner - No MyBatis mapper was found in '[com.push.system]' package. Please check your configuration.
2026-09-07 09:55:54 [main] INFO  c.p.s.service.SubscriptionService - 事件类型索引初始容量: 100
2026-09-07 09:55:54 [main] INFO  c.p.s.service.SubscriptionService - 创建订阅成功, ID: 1, 订阅者: CRM系统, 事件类型: [USER_REGISTERED, ORDER_CREATED]
2026-09-07 09:55:54 [main] INFO  c.p.s.service.SubscriptionService - 创建订阅成功, ID: 2, 订阅者: 物流系统, 事件类型: [ORDER_CREATED, ORDER_SHIPPED]
2026-09-07 09:55:54 [main] INFO  c.p.s.service.SubscriptionService - 创建订阅成功, ID: 3, 订阅者: 财务系统, 事件类型: [ORDER_PAID]
2026-09-07 09:55:54 [main] INFO  c.p.s.service.SubscriptionService - 加载示例订阅数据完成，共3个订阅
2026-09-07 09:55:54 [main] INFO  c.p.s.s.ThirdPartyConfigService - 开始加载第三方配置...
2026-09-07 09:55:54 [main] INFO  c.p.s.s.ThirdPartyConfigService - 加载第三方配置: code=supplier-a, name=供应商A系统
2026-09-07 09:55:54 [main] INFO  c.p.s.s.ThirdPartyConfigService - 第三方配置加载完成，共1个
2026-09-07 09:55:54 [main] INFO  com.push.system.http.HttpExecutor - HTTP执行器初始化完成，连接超时: 3000ms, 读取超时: 5000ms
2026-09-07 09:55:54 [main] INFO  com.push.system.core.UnifiedPusher - 启动统一推送执行层，工作线程数: 10
2026-09-07 09:55:54 [PushWorker-1] INFO  com.push.system.core.UnifiedPusher - 推送工作线程启动: PushWorker-1
2026-09-07 09:55:54 [PushWorker-2] INFO  com.push.system.core.UnifiedPusher - 推送工作线程启动: PushWorker-2
2026-09-07 09:55:54 [PushWorker-3] INFO  com.push.system.core.UnifiedPusher - 推送工作线程启动: PushWorker-3
2026-09-07 09:55:54 [PushWorker-4] INFO  com.push.system.core.UnifiedPusher - 推送工作线程启动: PushWorker-4
2026-09-07 09:55:54 [PushWorker-5] INFO  com.push.system.core.UnifiedPusher - 推送工作线程启动: PushWorker-5
2026-09-07 09:55:54 [PushWorker-6] INFO  com.push.system.core.UnifiedPusher - 推送工作线程启动: PushWorker-6
2026-09-07 09:55:54 [PushWorker-7] INFO  com.push.system.core.UnifiedPusher - 推送工作线程启动: PushWorker-7
2026-09-07 09:55:54 [PushWorker-8] INFO  com.push.system.core.UnifiedPusher - 推送工作线程启动: PushWorker-8
2026-09-07 09:55:54 [PushWorker-9] INFO  com.push.system.core.UnifiedPusher - 推送工作线程启动: PushWorker-9
2026-09-07 09:55:54 [PushWorker-10] INFO  com.push.system.core.UnifiedPusher - 推送工作线程启动: PushWorker-10
2026-09-07 09:55:54 [main] INFO  o.s.b.t.m.w.SpringBootMockServletContext - Initializing Spring TestDispatcherServlet ''
2026-09-07 09:55:54 [main] INFO  o.s.t.w.s.TestDispatcherServlet - Initializing Servlet ''
2026-09-07 09:55:54 [main] INFO  o.s.t.w.s.TestDispatcherServlet - Completed initialization in 0 ms
2026-09-07 09:55:54 [main] INFO  c.p.s.SubscriptionPublishIntegrationTest - Started SubscriptionPublishIntegrationTest in 0.85 seconds (JVM running for 1.183)
2026-09-07 09:55:54 [org.springframework.kafka.KafkaListenerEndpointContainer#1-0-C-1] WARN  o.apache.kafka.clients.NetworkClient - [Consumer clientId=consumer-push-consumer-group-10, groupId=push-consumer-group] Connection to node -1 (localhost/127.0.0.1:9092) could not be established. Broker may not be available.
2026-09-07 09:55:54 [org.springframework.kafka.KafkaListenerEndpointContainer#0-2-C-1] WARN  o.apache.kafka.clients.NetworkClient - [Consumer clientId=consumer-push-consumer-group-9, groupId=push-consumer-group] Connection to node -1 (localhost/127.0.0.1:9092) could not be established. Broker may not be available.
2026-09-07 09:55:54 [org.springframework.kafka.KafkaListenerEndpointContainer#1-2-C-1] WARN  o.apache.kafka.clients.NetworkClient - [Consumer clientId=consumer-push-consumer-group-12, groupId=push-consumer-group] Connection to node -1 (localhost/127.0.0.1:9092) could not be established. Broker may not be available.
2026-09-07 09:55:54 [org.springframework.kafka.KafkaListenerEndpointContainer#3-2-C-1] WARN  o.apache.kafka.clients.NetworkClient - [Consumer clientId=consumer-external-push-consumer-group-6, groupId=external-push-consumer-group] Connection to node -1 (localhost/127.0.0.1:9092) could not be established. Broker may not be available.
2026-09-07 09:55:54 [org.springframework.kafka.KafkaListenerEndpointContainer#2-0-C-1] WARN  o.apache.kafka.clients.NetworkClient - [Consumer clientId=consumer-push-consumer-group-1, groupId=push-consumer-group] Connection to node -1 (localhost/127.0.0.1:9092) could not be established. Broker may not be available.
2026-09-07 09:55:54 [org.springframework.kafka.KafkaListenerEndpointContainer#3-0-C-1] WARN  o.apache.kafka.clients.NetworkClient - [Consumer clientId=consumer-external-push-consumer-group-4, groupId=external-push-consumer-group] Connection to node -1 (localhost/127.0.0.1:9092) could not be established. Broker may not be available.
2026-09-07 09:55:54 [org.springframework.kafka.KafkaListenerEndpointContainer#1-0-C-1] WARN  o.apache.kafka.clients.NetworkClient - [Consumer clientId=consumer-push-consumer-group-10, groupId=push-consumer-group] Bootstrap broker localhost:9092 (id: -1 rack: null) disconnected
2026-09-07 09:55:54 [org.springframework.kafka.KafkaListenerEndpointContainer#2-0-C-1] WARN  o.apache.kafka.clients.NetworkClient - [Consumer clientId=consumer-push-consumer-group-1, groupId=push-consumer-group] Bootstrap broker localhost:9092 (id: -1 rack: null) disconnected
2026-09-07 09:55:54 [org.springframework.kafka.KafkaListenerEndpointContainer#0-1-C-1] WARN  o.apache.kafka.clients.NetworkClient - [Consumer clientId=consumer-push-consumer-group-8, groupId=push-consumer-group] Connection to node -1 (localhost/127.0.0.1:9092) could not be established. Broker may not be available.
2026-09-07 09:55:54 [org.springframework.kafka.KafkaListenerEndpointContainer#0-0-C-1] WARN  o.apache.kafka.clients.NetworkClient - [Consumer clientId=consumer-push-consumer-group-7, groupId=push-consumer-group] Connection to node -1 (localhost/127.0.0.1:9092) could not be established. Broker may not be available.
2026-09-07 09:55:54 [org.springframework.kafka.KafkaListenerEndpointContainer#0-1-C-1] WARN  o.apache.kafka.clients.NetworkClient - [Consumer clientId=consumer-push-consumer-group-8, groupId=push-consumer-group] Bootstrap broker localhost:9092 (id: -1 rack: null) disconnected
2026-09-07 09:55:54 [org.springframework.kafka.KafkaListenerEndpointContainer#0-0-C-1] WARN  o.apache.kafka.clients.NetworkClient - [Consumer clientId=consumer-push-consumer-group-7, groupId=push-consumer-group] Bootstrap broker localhost:9092 (id: -1 rack: null) disconnected
2026-09-07 09:55:54 [org.springframework.kafka.KafkaListenerEndpointContainer#2-1-C-1] WARN  o.apache.kafka.clients.NetworkClient - [Consumer clientId=consumer-push-consumer-group-2, groupId=push-consumer-group] Connection to node -1 (localhost/127.0.0.1:9092) could not be established. Broker may not be available.
2026-09-07 09:55:54 [org.springframework.kafka.KafkaListenerEndpointContainer#3-1-C-1] WARN  o.apache.kafka.clients.NetworkClient - [Consumer clientId=consumer-external-push-consumer-group-5, groupId=external-push-consumer-group] Connection to node -1 (localhost/127.0.0.1:9092) could not be established. Broker may not be available.
2026-09-07 09:55:54 [org.springframework.kafka.KafkaListenerEndpointContainer#2-2-C-1] WARN  o.apache.kafka.clients.NetworkClient - [Consumer clientId=consumer-push-consumer-group-3, groupId=push-consumer-group] Connection to node -1 (localhost/127.0.0.1:9092) could not be established. Broker may not be available.
2026-09-07 09:55:54 [org.springframework.kafka.KafkaListenerEndpointContainer#1-1-C-1] WARN  o.apache.kafka.clients.NetworkClient - [Consumer clientId=consumer-push-consumer-group-11, groupId=push-consumer-group] Connection to node -1 (localhost/127.0.0.1:9092) could not be established. Broker may not be available.
2026-09-07 09:55:54 [org.springframework.kafka.KafkaListenerEndpointContainer#2-2-C-1] WARN  o.apache.kafka.clients.NetworkClient - [Consumer clientId=consumer-push-consumer-group-3, groupId=push-consumer-group] Bootstrap broker localhost:9092 (id: -1 rack: null) disconnected
2026-09-07 09:55:54 [org.springframework.kafka.KafkaListenerEndpointContainer#3-2-C-1] WARN  o.apache.kafka.clients.NetworkClient - [Consumer clientId=consumer-external-push-consumer-group-6, groupId=external-push-consumer-group] Bootstrap broker localhost:9092 (id: -1 rack: null) disconnected
2026-09-07 09:55:54 [org.springframework.kafka.KafkaListenerEndpointContainer#0-2-C-1] WARN  o.apache.kafka.clients.NetworkClient - [Consumer clientId=consumer-push-consumer-group-9, groupId=push-consumer-group] Bootstrap broker localhost:9092 (id: -1 rack: null) disconnected
2026-09-07 09:55:54 [org.springframework.kafka.KafkaListenerEndpointContainer#3-0-C-1] WARN  o.apache.kafka.clients.NetworkClient - [Consumer clientId=consumer-external-push-consumer-group-4, groupId=external-push-consumer-group] Bootstrap broker localhost:9092 (id: -1 rack: null) disconnected
2026-09-07 09:55:54 [org.springframework.kafka.KafkaListenerEndpointContainer#1-2-C-1] WARN  o.apache.kafka.clients.NetworkClient - [Consumer clientId=consumer-push-consumer-group-12, groupId=push-consumer-group] Bootstrap broker localhost:9092 (id: -1 rack: null) disconnected
2026-09-07 09:55:54 [org.springframework.kafka.KafkaListenerEndpointContainer#2-1-C-1] WARN  o.apache.kafka.clients.NetworkClient - [Consumer clientId=consumer-push-consumer-group-2, groupId=push-consumer-group] Bootstrap broker localhost:9092 (id: -1 rack: null) disconnected
2026-09-07 09:55:54 [org.springframework.kafka.KafkaListenerEndpointContainer#3-1-C-1] WARN  o.apache.kafka.clients.NetworkClient - [Consumer clientId=consumer-external-push-consumer-group-5, groupId=external-push-consumer-group] Bootstrap broker localhost:9092 (id: -1 rack: null) disconnected
2026-09-07 09:55:54 [org.springframework.kafka.KafkaListenerEndpointContainer#1-1-C-1] WARN  o.apache.kafka.clients.NetworkClient - [Consumer clientId=consumer-push-consumer-group-11, groupId=push-consumer-group] Bootstrap broker localhost:9092 (id: -1 rack: null) disconnected
2026-09-07 09:55:54 [main] INFO  c.p.s.service.SubscriptionService - 创建订阅成功, ID: 4, 订阅者: 订阅者1, 事件类型: [MULTI_SUB_TEST_EVENT]
2026-09-07 09:55:54 [main] INFO  c.p.s.service.SubscriptionService - 创建订阅成功, ID: 5, 订阅者: 订阅者2, 事件类型: [MULTI_SUB_TEST_EVENT]
2026-09-07 09:55:54 [main] INFO  c.p.s.service.SubscriptionService - 创建订阅成功, ID: 6, 订阅者: 订阅者3, 事件类型: [MULTI_SUB_TEST_EVENT]
2026-09-07 09:55:54 [main] INFO  com.push.system.service.EventService - 事件发布, eventId: evt_1788746154922_1, eventType: MULTI_SUB_TEST_EVENT, bizId: multi-sub-test
2026-09-07 09:55:54 [main] INFO  com.push.system.service.EventService - 事件找到3个订阅者, eventId: evt_1788746154922_1, eventType: MULTI_SUB_TEST_EVENT
2026-09-07 09:55:54 [task-1] INFO  c.push.system.service.EventPublisher - 开始推送事件给订阅者, eventId: evt_1788746154922_1, 订阅者数量: 3
2026-09-07 09:55:54 [task-1] INFO  com.push.system.core.UnifiedPusher - 提交推送消息成功 [API直接], ID: 355169279370334208, 优先级: NORMAL, 第三方: subscription_4
2026-09-07 09:55:54 [PushWorker-1] ERROR com.push.system.core.UnifiedPusher - 未找到第三方配置, code: subscription_4, messageId: 355169279370334208
2026-09-07 09:55:54 [task-1] INFO  c.push.system.service.EventPublisher - 事件推送消息已提交, eventId: evt_1788746154922_1, messageId: 355169279370334208, subscriptionId: 4, subscriber: 订阅者1
2026-09-07 09:55:54 [task-1] INFO  com.push.system.core.UnifiedPusher - 提交推送消息成功 [API直接], ID: 355169279370334210, 优先级: NORMAL, 第三方: subscription_5
2026-09-07 09:55:54 [PushWorker-2] ERROR com.push.system.core.UnifiedPusher - 未找到第三方配置, code: subscription_5, messageId: 355169279370334210
2026-09-07 09:55:54 [task-1] INFO  c.push.system.service.EventPublisher - 事件推送消息已提交, eventId: evt_1788746154922_1, messageId: 355169279370334210, subscriptionId: 5, subscriber: 订阅者2
2026-09-07 09:55:54 [main] INFO  com.push.system.service.EventService - 事件发布, eventId: evt_1788746154928_2, eventType: NO_SUBSCRIBER_EVENT, bizId: no-sub-test
2026-09-07 09:55:54 [main] WARN  com.push.system.service.EventService - 事件没有订阅者, eventId: evt_1788746154928_2, eventType: NO_SUBSCRIBER_EVENT
2026-09-07 09:55:54 [task-1] INFO  com.push.system.core.UnifiedPusher - 提交推送消息成功 [API直接], ID: 355169279370334212, 优先级: NORMAL, 第三方: subscription_6
2026-09-07 09:55:54 [PushWorker-3] ERROR com.push.system.core.UnifiedPusher - 未找到第三方配置, code: subscription_6, messageId: 355169279370334212
2026-09-07 09:55:54 [task-1] INFO  c.push.system.service.EventPublisher - 事件推送消息已提交, eventId: evt_1788746154922_1, messageId: 355169279370334212, subscriptionId: 6, subscriber: 订阅者3
2026-09-07 09:55:54 [main] INFO  c.p.s.service.SubscriptionService - 创建订阅成功, ID: 7, 订阅者: 集成测试系统, 事件类型: [INTEGRATION_TEST_EVENT]

MockHttpServletRequest:
      HTTP Method = POST
      Request URI = /api/subscriptions
       Parameters = {}
          Headers = [Content-Type:"application/json;charset=UTF-8", Content-Length:"151"]
             Body = {"subscriberName":"集成测试系统","callbackUrl":"https://integration-test.example.com/webhook","eventTypes":["INTEGRATION_TEST_EVENT"],"status":1}
    Session Attrs = {}

Handler:
             Type = com.push.system.api.SubscriptionController
           Method = com.push.system.api.SubscriptionController#createSubscription(SubscriptionRequest)

Async:
    Async started = false
     Async result = null

Resolved Exception:
             Type = null

ModelAndView:
        View name = null
             View = null
            Model = null

FlashMap:
       Attributes = null

MockHttpServletResponse:
           Status = 200
    Error message = null
          Headers = [Content-Type:"application/json"]
     Content type = application/json
             Body = {"success":true,"message":"操作成功","data":{"id":7,"subscriberName":"集成测试系统","callbackUrl":"https://integration-test.example.com/webhook","eventTypes":["INTEGRATION_TEST_EVENT"],"secretKey":null,"status":1,"description":null,"createdAt":[2026,9,7,9,55,54,930574000],"updatedAt":[2026,9,7,9,55,54,930580000]}}
    Forwarded URL = null
   Redirected URL = null
          Cookies = []
2026-09-07 09:55:54 [main] INFO  c.p.s.service.SubscriptionService - 创建订阅成功, ID: 8, 订阅者: 删除测试, 事件类型: [DELETE_TEST_EVENT]
2026-09-07 09:55:54 [main] INFO  c.p.s.service.SubscriptionService - 删除订阅成功, ID: 8
2026-09-07 09:55:54 [main] INFO  c.p.s.service.SubscriptionService - 创建订阅成功, ID: 9, 订阅者: 更新测试, 事件类型: [OLD_EVENT]
2026-09-07 09:55:54 [main] INFO  c.p.s.service.SubscriptionService - 更新订阅成功, ID: 9
2026-09-07 09:55:54 [main] INFO  c.p.s.service.SubscriptionService - 创建订阅成功, ID: 10, 订阅者: 启用禁用测试, 事件类型: [ENABLE_DISABLE_TEST]
2026-09-07 09:55:54 [main] INFO  c.p.s.service.SubscriptionService - 更新订阅成功, ID: 10
2026-09-07 09:55:54 [main] INFO  com.push.system.service.EventService - 事件发布, eventId: evt_1788746154944_3, eventType: ENABLE_DISABLE_TEST, bizId: null
2026-09-07 09:55:54 [main] WARN  com.push.system.service.EventService - 事件没有订阅者, eventId: evt_1788746154944_3, eventType: ENABLE_DISABLE_TEST
2026-09-07 09:55:54 [main] INFO  c.p.s.service.SubscriptionService - 更新订阅成功, ID: 10
[ERROR] Tests run: 6, Failures: 1, Errors: 0, Skipped: 0, Time elapsed: 1.128 s <<< FAILURE! - in com.push.system.SubscriptionPublishIntegrationTest
[ERROR] testCompleteSubscriptionAndPublishFlow  Time elapsed: 0.004 s  <<< FAILURE!
org.opentest4j.AssertionFailedError: expected: <true> but was: <false>
	at com.push.system.SubscriptionPublishIntegrationTest.testCompleteSubscriptionAndPublishFlow(SubscriptionPublishIntegrationTest.java:58)

[INFO] Running com.push.system.api.SubscriptionControllerTest
2026-09-07 09:55:54 [main] INFO  o.s.b.t.a.w.s.WebMvcTestContextBootstrapper - Neither @ContextConfiguration nor @ContextHierarchy found for test class [com.push.system.api.SubscriptionControllerTest], using SpringBootContextLoader
2026-09-07 09:55:54 [main] INFO  o.s.t.c.s.AbstractContextLoader - Could not detect default resource locations for test class [com.push.system.api.SubscriptionControllerTest]: no resource found for suffixes {-context.xml, Context.groovy}.
2026-09-07 09:55:54 [main] INFO  o.s.t.c.s.AnnotationConfigContextLoaderUtils - Could not detect default configuration classes for test class [com.push.system.api.SubscriptionControllerTest]: SubscriptionControllerTest does not declare any static, non-private, non-final, nested classes annotated with @Configuration.
2026-09-07 09:55:54 [org.springframework.kafka.KafkaListenerEndpointContainer#1-1-C-1] WARN  o.apache.kafka.clients.NetworkClient - [Consumer clientId=consumer-push-consumer-group-11, groupId=push-consumer-group] Connection to node -1 (localhost/127.0.0.1:9092) could not be established. Broker may not be available.
2026-09-07 09:55:54 [org.springframework.kafka.KafkaListenerEndpointContainer#3-2-C-1] WARN  o.apache.kafka.clients.NetworkClient - [Consumer clientId=consumer-external-push-consumer-group-6, groupId=external-push-consumer-group] Connection to node -1 (localhost/127.0.0.1:9092) could not be established. Broker may not be available.
2026-09-07 09:55:54 [org.springframework.kafka.KafkaListenerEndpointContainer#1-1-C-1] WARN  o.apache.kafka.clients.NetworkClient - [Consumer clientId=consumer-push-consumer-group-11, groupId=push-consumer-group] Bootstrap broker localhost:9092 (id: -1 rack: null) disconnected
2026-09-07 09:55:54 [org.springframework.kafka.KafkaListenerEndpointContainer#3-2-C-1] WARN  o.apache.kafka.clients.NetworkClient - [Consumer clientId=consumer-external-push-consumer-group-6, groupId=external-push-consumer-group] Bootstrap broker localhost:9092 (id: -1 rack: null) disconnected
2026-09-07 09:55:54 [org.springframework.kafka.KafkaListenerEndpointContainer#1-2-C-1] WARN  o.apache.kafka.clients.NetworkClient - [Consumer clientId=consumer-push-consumer-group-12, groupId=push-consumer-group] Connection to node -1 (localhost/127.0.0.1:9092) could not be established. Broker may not be available.
2026-09-07 09:55:54 [org.springframework.kafka.KafkaListenerEndpointContainer#1-0-C-1] WARN  o.apache.kafka.clients.NetworkClient - [Consumer clientId=consumer-push-consumer-group-10, groupId=push-consumer-group] Connection to node -1 (localhost/127.0.0.1:9092) could not be established. Broker may not be available.
2026-09-07 09:55:54 [org.springframework.kafka.KafkaListenerEndpointContainer#3-1-C-1] WARN  o.apache.kafka.clients.NetworkClient - [Consumer clientId=consumer-external-push-consumer-group-5, groupId=external-push-consumer-group] Connection to node -1 (localhost/127.0.0.1:9092) could not be established. Broker may not be available.
2026-09-07 09:55:54 [org.springframework.kafka.KafkaListenerEndpointContainer#0-0-C-1] WARN  o.apache.kafka.clients.NetworkClient - [Consumer clientId=consumer-push-consumer-group-7, groupId=push-consumer-group] Connection to node -1 (localhost/127.0.0.1:9092) could not be established. Broker may not be available.
2026-09-07 09:55:54 [org.springframework.kafka.KafkaListenerEndpointContainer#0-2-C-1] WARN  o.apache.kafka.clients.NetworkClient - [Consumer clientId=consumer-push-consumer-group-9, groupId=push-consumer-group] Connection to node -1 (localhost/127.0.0.1:9092) could not be established. Broker may not be available.
2026-09-07 09:55:54 [org.springframework.kafka.KafkaListenerEndpointContainer#3-1-C-1] WARN  o.apache.kafka.clients.NetworkClient - [Consumer clientId=consumer-external-push-consumer-group-5, groupId=external-push-consumer-group] Bootstrap broker localhost:9092 (id: -1 rack: null) disconnected
2026-09-07 09:55:54 [org.springframework.kafka.KafkaListenerEndpointContainer#2-2-C-1] WARN  o.apache.kafka.clients.NetworkClient - [Consumer clientId=consumer-push-consumer-group-3, groupId=push-consumer-group] Connection to node -1 (localhost/127.0.0.1:9092) could not be established. Broker may not be available.
2026-09-07 09:55:54 [org.springframework.kafka.KafkaListenerEndpointContainer#0-2-C-1] WARN  o.apache.kafka.clients.NetworkClient - [Consumer clientId=consumer-push-consumer-group-9, groupId=push-consumer-group] Bootstrap broker localhost:9092 (id: -1 rack: null) disconnected
2026-09-07 09:55:54 [org.springframework.kafka.KafkaListenerEndpointContainer#3-0-C-1] WARN  o.apache.kafka.clients.NetworkClient - [Consumer clientId=consumer-external-push-consumer-group-4, groupId=external-push-consumer-group] Connection to node -1 (localhost/127.0.0.1:9092) could not be established. Broker may not be available.
2026-09-07 09:55:54 [org.springframework.kafka.KafkaListenerEndpointContainer#2-2-C-1] WARN  o.apache.kafka.clients.NetworkClient - [Consumer clientId=consumer-push-consumer-group-3, groupId=push-consumer-group] Bootstrap broker localhost:9092 (id: -1 rack: null) disconnected
2026-09-07 09:55:54 [org.springframework.kafka.KafkaListenerEndpointContainer#0-1-C-1] WARN  o.apache.kafka.clients.NetworkClient - [Consumer clientId=consumer-push-consumer-group-8, groupId=push-consumer-group] Connection to node -1 (localhost/127.0.0.1:9092) could not be established. Broker may not be available.
2026-09-07 09:55:54 [org.springframework.kafka.KafkaListenerEndpointContainer#1-0-C-1] WARN  o.apache.kafka.clients.NetworkClient - [Consumer clientId=consumer-push-consumer-group-10, groupId=push-consumer-group] Bootstrap broker localhost:9092 (id: -1 rack: null) disconnected
2026-09-07 09:55:54 [org.springframework.kafka.KafkaListenerEndpointContainer#0-1-C-1] WARN  o.apache.kafka.clients.NetworkClient - [Consumer clientId=consumer-push-consumer-group-8, groupId=push-consumer-group] Bootstrap broker localhost:9092 (id: -1 rack: null) disconnected
2026-09-07 09:55:54 [org.springframework.kafka.KafkaListenerEndpointContainer#0-0-C-1] WARN  o.apache.kafka.clients.NetworkClient - [Consumer clientId=consumer-push-consumer-group-7, groupId=push-consumer-group] Bootstrap broker localhost:9092 (id: -1 rack: null) disconnected
2026-09-07 09:55:54 [org.springframework.kafka.KafkaListenerEndpointContainer#2-0-C-1] WARN  o.apache.kafka.clients.NetworkClient - [Consumer clientId=consumer-push-consumer-group-1, groupId=push-consumer-group] Connection to node -1 (localhost/127.0.0.1:9092) could not be established. Broker may not be available.
2026-09-07 09:55:54 [org.springframework.kafka.KafkaListenerEndpointContainer#2-0-C-1] WARN  o.apache.kafka.clients.NetworkClient - [Consumer clientId=consumer-push-consumer-group-1, groupId=push-consumer-group] Bootstrap broker localhost:9092 (id: -1 rack: null) disconnected
2026-09-07 09:55:54 [org.springframework.kafka.KafkaListenerEndpointContainer#3-0-C-1] WARN  o.apache.kafka.clients.NetworkClient - [Consumer clientId=consumer-external-push-consumer-group-4, groupId=external-push-consumer-group] Bootstrap broker localhost:9092 (id: -1 rack: null) disconnected
2026-09-07 09:55:54 [org.springframework.kafka.KafkaListenerEndpointContainer#1-2-C-1] WARN  o.apache.kafka.clients.NetworkClient - [Consumer clientId=consumer-push-consumer-group-12, groupId=push-consumer-group] Bootstrap broker localhost:9092 (id: -1 rack: null) disconnected
2026-09-07 09:55:54 [org.springframework.kafka.KafkaListenerEndpointContainer#2-1-C-1] WARN  o.apache.kafka.clients.NetworkClient - [Consumer clientId=consumer-push-consumer-group-2, groupId=push-consumer-group] Connection to node -1 (localhost/127.0.0.1:9092) could not be established. Broker may not be available.
2026-09-07 09:55:54 [org.springframework.kafka.KafkaListenerEndpointContainer#2-1-C-1] WARN  o.apache.kafka.clients.NetworkClient - [Consumer clientId=consumer-push-consumer-group-2, groupId=push-consumer-group] Bootstrap broker localhost:9092 (id: -1 rack: null) disconnected
2026-09-07 09:55:54 [main] INFO  o.s.b.t.c.SpringBootTestContextBootstrapper - Found @SpringBootConfiguration com.push.system.PushSystemApplication for test class com.push.system.api.SubscriptionControllerTest
2026-09-07 09:55:54 [main] INFO  o.s.b.t.a.w.s.WebMvcTestContextBootstrapper - Loaded default TestExecutionListener class names from location [META-INF/spring.factories]: [org.springframework.boot.test.mock.mockito.MockitoTestExecutionListener, org.springframework.boot.test.mock.mockito.ResetMocksTestExecutionListener, org.springframework.boot.test.autoconfigure.restdocs.RestDocsTestExecutionListener, org.springframework.boot.test.autoconfigure.web.client.MockRestServiceServerResetTestExecutionListener, org.springframework.boot.test.autoconfigure.web.servlet.MockMvcPrintOnlyOnFailureTestExecutionListener, org.springframework.boot.test.autoconfigure.web.servlet.WebDriverTestExecutionListener, org.springframework.boot.test.autoconfigure.webservices.client.MockWebServiceServerTestExecutionListener, org.springframework.test.context.web.ServletTestExecutionListener, org.springframework.test.context.support.DirtiesContextBeforeModesTestExecutionListener, org.springframework.test.context.event.ApplicationEventsTestExecutionListener, org.springframework.test.context.support.DependencyInjectionTestExecutionListener, org.springframework.test.context.support.DirtiesContextTestExecutionListener, org.springframework.test.context.transaction.TransactionalTestExecutionListener, org.springframework.test.context.jdbc.SqlScriptsTestExecutionListener, org.springframework.test.context.event.EventPublishingTestExecutionListener]
2026-09-07 09:55:54 [main] INFO  o.s.b.t.a.w.s.WebMvcTestContextBootstrapper - Using TestExecutionListeners: [org.springframework.test.context.web.ServletTestExecutionListener@511d5e6e, org.springframework.test.context.support.DirtiesContextBeforeModesTestExecutionListener@7a78d380, org.springframework.test.context.event.ApplicationEventsTestExecutionListener@2e1291a4, org.springframework.boot.test.mock.mockito.MockitoTestExecutionListener@23bd2f6e, org.springframework.boot.test.autoconfigure.SpringBootDependencyInjectionTestExecutionListener@18e8eb59, org.springframework.test.context.support.DirtiesContextTestExecutionListener@2430cf17, org.springframework.test.context.transaction.TransactionalTestExecutionListener@1e95f584, org.springframework.test.context.jdbc.SqlScriptsTestExecutionListener@54997f67, org.springframework.test.context.event.EventPublishingTestExecutionListener@bf4e48e, org.springframework.boot.test.mock.mockito.ResetMocksTestExecutionListener@299eca90, org.springframework.boot.test.autoconfigure.restdocs.RestDocsTestExecutionListener@189633f2, org.springframework.boot.test.autoconfigure.web.client.MockRestServiceServerResetTestExecutionListener@76b05c0, org.springframework.boot.test.autoconfigure.web.servlet.MockMvcPrintOnlyOnFailureTestExecutionListener@2b974137, org.springframework.boot.test.autoconfigure.web.servlet.WebDriverTestExecutionListener@7402c49f, org.springframework.boot.test.autoconfigure.webservices.client.MockWebServiceServerTestExecutionListener@5d22604e]

  .   ____          _            __ _ _
 /\\ / ___'_ __ _ _(_)_ __  __ _ \ \ \ \
( ( )\___ | '_ | '_| | '_ \/ _` | \ \ \ \
 \\/  ___)| |_)| | | | | || (_| |  ) ) ) )
  '  |____| .__|_| |_|_| |_\__, | / / / /
 =========|_|==============|___/=/_/_/_/
 :: Spring Boot ::               (v2.7.14)

2026-09-07 09:55:54 [main] INFO  c.p.s.api.SubscriptionControllerTest - Starting SubscriptionControllerTest using Java 21.0.10 on MacBook-Pro-3.local with PID 15516 (started by zhangyd in /Users/zhangyd/IdeaProjects/aicoding)
2026-09-07 09:55:54 [main] INFO  c.p.s.api.SubscriptionControllerTest - No active profile set, falling back to 1 default profile: "default"
2026-09-07 09:55:55 [org.springframework.kafka.KafkaListenerEndpointContainer#1-0-C-1] WARN  o.apache.kafka.clients.NetworkClient - [Consumer clientId=consumer-push-consumer-group-10, groupId=push-consumer-group] Connection to node -1 (localhost/127.0.0.1:9092) could not be established. Broker may not be available.
2026-09-07 09:55:55 [org.springframework.kafka.KafkaListenerEndpointContainer#3-1-C-1] WARN  o.apache.kafka.clients.NetworkClient - [Consumer clientId=consumer-external-push-consumer-group-5, groupId=external-push-consumer-group] Connection to node -1 (localhost/127.0.0.1:9092) could not be established. Broker may not be available.
2026-09-07 09:55:55 [org.springframework.kafka.KafkaListenerEndpointContainer#2-2-C-1] WARN  o.apache.kafka.clients.NetworkClient - [Consumer clientId=consumer-push-consumer-group-3, groupId=push-consumer-group] Connection to node -1 (localhost/127.0.0.1:9092) could not be established. Broker may not be available.
2026-09-07 09:55:55 [org.springframework.kafka.KafkaListenerEndpointContainer#0-1-C-1] WARN  o.apache.kafka.clients.NetworkClient - [Consumer clientId=consumer-push-consumer-group-8, groupId=push-consumer-group] Connection to node -1 (localhost/127.0.0.1:9092) could not be established. Broker may not be available.
2026-09-07 09:55:55 [org.springframework.kafka.KafkaListenerEndpointContainer#0-2-C-1] WARN  o.apache.kafka.clients.NetworkClient - [Consumer clientId=consumer-push-consumer-group-9, groupId=push-consumer-group] Connection to node -1 (localhost/127.0.0.1:9092) could not be established. Broker may not be available.
2026-09-07 09:55:55 [org.springframework.kafka.KafkaListenerEndpointContainer#0-0-C-1] WARN  o.apache.kafka.clients.NetworkClient - [Consumer clientId=consumer-push-consumer-group-7, groupId=push-consumer-group] Connection to node -1 (localhost/127.0.0.1:9092) could not be established. Broker may not be available.
2026-09-07 09:55:55 [org.springframework.kafka.KafkaListenerEndpointContainer#2-2-C-1] WARN  o.apache.kafka.clients.NetworkClient - [Consumer clientId=consumer-push-consumer-group-3, groupId=push-consumer-group] Bootstrap broker localhost:9092 (id: -1 rack: null) disconnected
2026-09-07 09:55:55 [org.springframework.kafka.KafkaListenerEndpointContainer#2-1-C-1] WARN  o.apache.kafka.clients.NetworkClient - [Consumer clientId=consumer-push-consumer-group-2, groupId=push-consumer-group] Connection to node -1 (localhost/127.0.0.1:9092) could not be established. Broker may not be available.
2026-09-07 09:55:55 [org.springframework.kafka.KafkaListenerEndpointContainer#3-0-C-1] WARN  o.apache.kafka.clients.NetworkClient - [Consumer clientId=consumer-external-push-consumer-group-4, groupId=external-push-consumer-group] Connection to node -1 (localhost/127.0.0.1:9092) could not be established. Broker may not be available.
2026-09-07 09:55:55 [org.springframework.kafka.KafkaListenerEndpointContainer#2-1-C-1] WARN  o.apache.kafka.clients.NetworkClient - [Consumer clientId=consumer-push-consumer-group-2, groupId=push-consumer-group] Bootstrap broker localhost:9092 (id: -1 rack: null) disconnected
2026-09-07 09:55:55 [org.springframework.kafka.KafkaListenerEndpointContainer#0-0-C-1] WARN  o.apache.kafka.clients.NetworkClient - [Consumer clientId=consumer-push-consumer-group-7, groupId=push-consumer-group] Bootstrap broker localhost:9092 (id: -1 rack: null) disconnected
2026-09-07 09:55:55 [org.springframework.kafka.KafkaListenerEndpointContainer#0-2-C-1] WARN  o.apache.kafka.clients.NetworkClient - [Consumer clientId=consumer-push-consumer-group-9, groupId=push-consumer-group] Bootstrap broker localhost:9092 (id: -1 rack: null) disconnected
2026-09-07 09:55:55 [org.springframework.kafka.KafkaListenerEndpointContainer#3-0-C-1] WARN  o.apache.kafka.clients.NetworkClient - [Consumer clientId=consumer-external-push-consumer-group-4, groupId=external-push-consumer-group] Bootstrap broker localhost:9092 (id: -1 rack: null) disconnected
2026-09-07 09:55:55 [org.springframework.kafka.KafkaListenerEndpointContainer#0-1-C-1] WARN  o.apache.kafka.clients.NetworkClient - [Consumer clientId=consumer-push-consumer-group-8, groupId=push-consumer-group] Bootstrap broker localhost:9092 (id: -1 rack: null) disconnected
2026-09-07 09:55:55 [org.springframework.kafka.KafkaListenerEndpointContainer#1-0-C-1] WARN  o.apache.kafka.clients.NetworkClient - [Consumer clientId=consumer-push-consumer-group-10, groupId=push-consumer-group] Bootstrap broker localhost:9092 (id: -1 rack: null) disconnected
2026-09-07 09:55:55 [org.springframework.kafka.KafkaListenerEndpointContainer#3-1-C-1] WARN  o.apache.kafka.clients.NetworkClient - [Consumer clientId=consumer-external-push-consumer-group-5, groupId=external-push-consumer-group] Bootstrap broker localhost:9092 (id: -1 rack: null) disconnected
2026-09-07 09:55:55 [org.springframework.kafka.KafkaListenerEndpointContainer#1-1-C-1] WARN  o.apache.kafka.clients.NetworkClient - [Consumer clientId=consumer-push-consumer-group-11, groupId=push-consumer-group] Connection to node -1 (localhost/127.0.0.1:9092) could not be established. Broker may not be available.
2026-09-07 09:55:55 [org.springframework.kafka.KafkaListenerEndpointContainer#1-1-C-1] WARN  o.apache.kafka.clients.NetworkClient - [Consumer clientId=consumer-push-consumer-group-11, groupId=push-consumer-group] Bootstrap broker localhost:9092 (id: -1 rack: null) disconnected
2026-09-07 09:55:55 [org.springframework.kafka.KafkaListenerEndpointContainer#3-2-C-1] WARN  o.apache.kafka.clients.NetworkClient - [Consumer clientId=consumer-external-push-consumer-group-6, groupId=external-push-consumer-group] Connection to node -1 (localhost/127.0.0.1:9092) could not be established. Broker may not be available.
2026-09-07 09:55:55 [org.springframework.kafka.KafkaListenerEndpointContainer#3-2-C-1] WARN  o.apache.kafka.clients.NetworkClient - [Consumer clientId=consumer-external-push-consumer-group-6, groupId=external-push-consumer-group] Bootstrap broker localhost:9092 (id: -1 rack: null) disconnected
2026-09-07 09:55:55 [org.springframework.kafka.KafkaListenerEndpointContainer#2-0-C-1] WARN  o.apache.kafka.clients.NetworkClient - [Consumer clientId=consumer-push-consumer-group-1, groupId=push-consumer-group] Connection to node -1 (localhost/127.0.0.1:9092) could not be established. Broker may not be available.
2026-09-07 09:55:55 [main] INFO  o.s.b.t.m.w.SpringBootMockServletContext - Initializing Spring TestDispatcherServlet ''
2026-09-07 09:55:55 [org.springframework.kafka.KafkaListenerEndpointContainer#2-0-C-1] WARN  o.apache.kafka.clients.NetworkClient - [Consumer clientId=consumer-push-consumer-group-1, groupId=push-consumer-group] Bootstrap broker localhost:9092 (id: -1 rack: null) disconnected
2026-09-07 09:55:55 [org.springframework.kafka.KafkaListenerEndpointContainer#1-2-C-1] WARN  o.apache.kafka.clients.NetworkClient - [Consumer clientId=consumer-push-consumer-group-12, groupId=push-consumer-group] Connection to node -1 (localhost/127.0.0.1:9092) could not be established. Broker may not be available.
2026-09-07 09:55:55 [main] INFO  o.s.t.w.s.TestDispatcherServlet - Initializing Servlet ''
2026-09-07 09:55:55 [org.springframework.kafka.KafkaListenerEndpointContainer#1-2-C-1] WARN  o.apache.kafka.clients.NetworkClient - [Consumer clientId=consumer-push-consumer-group-12, groupId=push-consumer-group] Bootstrap broker localhost:9092 (id: -1 rack: null) disconnected
2026-09-07 09:55:55 [main] INFO  o.s.t.w.s.TestDispatcherServlet - Completed initialization in 0 ms
2026-09-07 09:55:55 [main] INFO  c.p.s.api.SubscriptionControllerTest - Started SubscriptionControllerTest in 0.149 seconds (JVM running for 1.491)

MockHttpServletRequest:
      HTTP Method = POST
      Request URI = /api/subscriptions
       Parameters = {}
          Headers = [Content-Type:"application/json;charset=UTF-8", Content-Length:"121"]
             Body = {"subscriberName":"测试系统","callbackUrl":"https://test.example.com/webhook","eventTypes":["TEST_EVENT"],"status":1}
    Session Attrs = {}

Handler:
             Type = com.push.system.api.SubscriptionController
           Method = com.push.system.api.SubscriptionController#createSubscription(SubscriptionRequest)

Async:
    Async started = false
     Async result = null

Resolved Exception:
             Type = null

ModelAndView:
        View name = null
             View = null
            Model = null

FlashMap:
       Attributes = null

MockHttpServletResponse:
           Status = 200
    Error message = null
          Headers = [Content-Type:"application/json"]
     Content type = application/json
             Body = {"success":true,"message":"操作成功","data":{"id":1,"subscriberName":"测试系统","callbackUrl":"https://test.example.com/webhook","eventTypes":["TEST_EVENT"],"secretKey":null,"status":1,"description":null,"createdAt":"2026-09-07T09:55:55.123029","updatedAt":"2026-09-07T09:55:55.123039"}}
    Forwarded URL = null
   Redirected URL = null
          Cookies = []

MockHttpServletRequest:
      HTTP Method = POST
      Request URI = /api/subscriptions/1/disable
       Parameters = {}
          Headers = []
             Body = null
    Session Attrs = {}

Handler:
             Type = com.push.system.api.SubscriptionController
           Method = com.push.system.api.SubscriptionController#disableSubscription(Long)

Async:
    Async started = false
     Async result = null

Resolved Exception:
             Type = null

ModelAndView:
        View name = null
             View = null
            Model = null

FlashMap:
       Attributes = null

MockHttpServletResponse:
           Status = 200
    Error message = null
          Headers = [Content-Type:"application/json"]
     Content type = application/json
             Body = {"success":true,"message":"禁用成功"}
    Forwarded URL = null
   Redirected URL = null
          Cookies = []

MockHttpServletRequest:
      HTTP Method = POST
      Request URI = /api/subscriptions/1/enable
       Parameters = {}
          Headers = []
             Body = null
    Session Attrs = {}

Handler:
             Type = com.push.system.api.SubscriptionController
           Method = com.push.system.api.SubscriptionController#enableSubscription(Long)

Async:
    Async started = false
     Async result = null

Resolved Exception:
             Type = null

ModelAndView:
        View name = null
             View = null
            Model = null

FlashMap:
       Attributes = null

MockHttpServletResponse:
           Status = 200
    Error message = null
          Headers = [Content-Type:"application/json"]
     Content type = application/json
             Body = {"success":true,"message":"启用成功"}
    Forwarded URL = null
   Redirected URL = null
          Cookies = []

MockHttpServletRequest:
      HTTP Method = POST
      Request URI = /api/subscriptions
       Parameters = {}
          Headers = [Content-Type:"application/json;charset=UTF-8", Content-Length:"33"]
             Body = {"subscriberName":"测试系统"}
    Session Attrs = {}

Handler:
             Type = com.push.system.api.SubscriptionController
           Method = com.push.system.api.SubscriptionController#createSubscription(SubscriptionRequest)

Async:
    Async started = false
     Async result = null

Resolved Exception:
             Type = null

ModelAndView:
        View name = null
             View = null
            Model = null

FlashMap:
       Attributes = null

MockHttpServletResponse:
           Status = 200
    Error message = null
          Headers = [Content-Type:"application/json"]
     Content type = application/json
             Body = {"success":true,"message":"操作成功","data":null}
    Forwarded URL = null
   Redirected URL = null
          Cookies = []
[ERROR] Tests run: 11, Failures: 4, Errors: 0, Skipped: 0, Time elapsed: 0.184 s <<< FAILURE! - in com.push.system.api.SubscriptionControllerTest
[ERROR] testCreateSubscription  Time elapsed: 0.002 s  <<< FAILURE!
java.lang.AssertionError: JSON path "$.message" expected:<创建成功> but was:<操作成功>
	at com.push.system.api.SubscriptionControllerTest.testCreateSubscription(SubscriptionControllerTest.java:60)

[ERROR] testDisableSubscription  Time elapsed: 0.005 s  <<< FAILURE!
org.mockito.exceptions.verification.WantedButNotInvoked: 

Wanted but not invoked:
com.push.system.service.SubscriptionService#0 bean.getSubscription(
    1L
);
-> at com.push.system.api.SubscriptionControllerTest.testDisableSubscription(SubscriptionControllerTest.java:242)

However, there was exactly 1 interaction with this mock:
com.push.system.service.SubscriptionService#0 bean.updateSubscription(
    1L,
    com.push.system.entity.Subscription@77e6053
);
-> at com.push.system.api.SubscriptionController.disableSubscription(SubscriptionController.java:120)


	at com.push.system.api.SubscriptionControllerTest.testDisableSubscription(SubscriptionControllerTest.java:242)

[ERROR] testEnableSubscription  Time elapsed: 0.001 s  <<< FAILURE!
org.mockito.exceptions.verification.WantedButNotInvoked: 

Wanted but not invoked:
com.push.system.service.SubscriptionService#0 bean.getSubscription(
    1L
);
-> at com.push.system.api.SubscriptionControllerTest.testEnableSubscription(SubscriptionControllerTest.java:217)

However, there was exactly 1 interaction with this mock:
com.push.system.service.SubscriptionService#0 bean.updateSubscription(
    1L,
    com.push.system.entity.Subscription@25765a49
);
-> at com.push.system.api.SubscriptionController.enableSubscription(SubscriptionController.java:105)


	at com.push.system.api.SubscriptionControllerTest.testEnableSubscription(SubscriptionControllerTest.java:217)

[ERROR] testCreateSubscriptionWithMissingFields  Time elapsed: 0.001 s  <<< FAILURE!
java.lang.AssertionError: JSON path "$.success" expected:<false> but was:<true>
	at com.push.system.api.SubscriptionControllerTest.testCreateSubscriptionWithMissingFields(SubscriptionControllerTest.java:75)

[INFO] Running com.push.system.api.EventControllerTest
2026-09-07 09:55:55 [main] INFO  o.s.b.t.a.w.s.WebMvcTestContextBootstrapper - Neither @ContextConfiguration nor @ContextHierarchy found for test class [com.push.system.api.EventControllerTest], using SpringBootContextLoader
2026-09-07 09:55:55 [main] INFO  o.s.t.c.s.AbstractContextLoader - Could not detect default resource locations for test class [com.push.system.api.EventControllerTest]: no resource found for suffixes {-context.xml, Context.groovy}.
2026-09-07 09:55:55 [main] INFO  o.s.t.c.s.AnnotationConfigContextLoaderUtils - Could not detect default configuration classes for test class [com.push.system.api.EventControllerTest]: EventControllerTest does not declare any static, non-private, non-final, nested classes annotated with @Configuration.
2026-09-07 09:55:55 [main] INFO  o.s.b.t.c.SpringBootTestContextBootstrapper - Found @SpringBootConfiguration com.push.system.PushSystemApplication for test class com.push.system.api.EventControllerTest
2026-09-07 09:55:55 [main] INFO  o.s.b.t.a.w.s.WebMvcTestContextBootstrapper - Loaded default TestExecutionListener class names from location [META-INF/spring.factories]: [org.springframework.boot.test.mock.mockito.MockitoTestExecutionListener, org.springframework.boot.test.mock.mockito.ResetMocksTestExecutionListener, org.springframework.boot.test.autoconfigure.restdocs.RestDocsTestExecutionListener, org.springframework.boot.test.autoconfigure.web.client.MockRestServiceServerResetTestExecutionListener, org.springframework.boot.test.autoconfigure.web.servlet.MockMvcPrintOnlyOnFailureTestExecutionListener, org.springframework.boot.test.autoconfigure.web.servlet.WebDriverTestExecutionListener, org.springframework.boot.test.autoconfigure.webservices.client.MockWebServiceServerTestExecutionListener, org.springframework.test.context.web.ServletTestExecutionListener, org.springframework.test.context.support.DirtiesContextBeforeModesTestExecutionListener, org.springframework.test.context.event.ApplicationEventsTestExecutionListener, org.springframework.test.context.support.DependencyInjectionTestExecutionListener, org.springframework.test.context.support.DirtiesContextTestExecutionListener, org.springframework.test.context.transaction.TransactionalTestExecutionListener, org.springframework.test.context.jdbc.SqlScriptsTestExecutionListener, org.springframework.test.context.event.EventPublishingTestExecutionListener]
2026-09-07 09:55:55 [main] INFO  o.s.b.t.a.w.s.WebMvcTestContextBootstrapper - Using TestExecutionListeners: [org.springframework.test.context.web.ServletTestExecutionListener@780a91d0, org.springframework.test.context.support.DirtiesContextBeforeModesTestExecutionListener@3cfab340, org.springframework.test.context.event.ApplicationEventsTestExecutionListener@3387ab0, org.springframework.boot.test.mock.mockito.MockitoTestExecutionListener@470f0637, org.springframework.boot.test.autoconfigure.SpringBootDependencyInjectionTestExecutionListener@6b278b17, org.springframework.test.context.support.DirtiesContextTestExecutionListener@2ae5580, org.springframework.test.context.transaction.TransactionalTestExecutionListener@4203529f, org.springframework.test.context.jdbc.SqlScriptsTestExecutionListener@7d82ca56, org.springframework.test.context.event.EventPublishingTestExecutionListener@2aaa89c2, org.springframework.boot.test.mock.mockito.ResetMocksTestExecutionListener@5a58db42, org.springframework.boot.test.autoconfigure.restdocs.RestDocsTestExecutionListener@217fd3c, org.springframework.boot.test.autoconfigure.web.client.MockRestServiceServerResetTestExecutionListener@69ac5752, org.springframework.boot.test.autoconfigure.web.servlet.MockMvcPrintOnlyOnFailureTestExecutionListener@1736273c, org.springframework.boot.test.autoconfigure.web.servlet.WebDriverTestExecutionListener@ba86c53, org.springframework.boot.test.autoconfigure.webservices.client.MockWebServiceServerTestExecutionListener@36eb8e07]

  .   ____          _            __ _ _
 /\\ / ___'_ __ _ _(_)_ __  __ _ \ \ \ \
( ( )\___ | '_ | '_| | '_ \/ _` | \ \ \ \
 \\/  ___)| |_)| | | | | || (_| |  ) ) ) )
  '  |____| .__|_| |_|_| |_\__, | / / / /
 =========|_|==============|___/=/_/_/_/
 :: Spring Boot ::               (v2.7.14)

2026-09-07 09:55:55 [main] INFO  c.p.system.api.EventControllerTest - Starting EventControllerTest using Java 21.0.10 on MacBook-Pro-3.local with PID 15516 (started by zhangyd in /Users/zhangyd/IdeaProjects/aicoding)
2026-09-07 09:55:55 [main] INFO  c.p.system.api.EventControllerTest - No active profile set, falling back to 1 default profile: "default"
2026-09-07 09:55:55 [main] INFO  o.s.b.t.m.w.SpringBootMockServletContext - Initializing Spring TestDispatcherServlet ''
2026-09-07 09:55:55 [main] INFO  o.s.t.w.s.TestDispatcherServlet - Initializing Servlet ''
2026-09-07 09:55:55 [main] INFO  o.s.t.w.s.TestDispatcherServlet - Completed initialization in 0 ms
2026-09-07 09:55:55 [main] INFO  c.p.system.api.EventControllerTest - Started EventControllerTest in 0.083 seconds (JVM running for 1.613)

MockHttpServletRequest:
      HTTP Method = POST
      Request URI = /api/events/publish
       Parameters = {}
          Headers = [Content-Type:"application/json;charset=UTF-8", Content-Length:"53"]
             Body = {"eventType":"TEST_EVENT","data":"{}","bizId":"test"}
    Session Attrs = {}

Handler:
             Type = com.push.system.api.EventController
           Method = com.push.system.api.EventController#publishEvent(EventPublishRequest)

Async:
    Async started = false
     Async result = null

Resolved Exception:
             Type = null

ModelAndView:
        View name = null
             View = null
            Model = null

FlashMap:
       Attributes = null

MockHttpServletResponse:
           Status = 200
    Error message = null
          Headers = [Content-Type:"application/json"]
     Content type = application/json
             Body = {"success":true,"eventId":null,"message":"事件发布成功，正在推送给订阅者"}
    Forwarded URL = null
   Redirected URL = null
          Cookies = []

MockHttpServletRequest:
      HTTP Method = POST
      Request URI = /api/events/publish
       Parameters = {}
          Headers = [Content-Type:"application/json;charset=UTF-8", Content-Length:"209"]
             Body = {"eventType":"ORDER_CREATED","data":"{\"orderId\":\"12345\",\"items\":[{\"id\":1,\"name\":\"商品1\"},{\"id\":2,\"name\":\"商品2\"}],\"user\":{\"id\":\"USR001\",\"name\":\"张三\"}}","bizId":"order-12345"}
    Session Attrs = {}

Handler:
             Type = com.push.system.api.EventController
           Method = com.push.system.api.EventController#publishEvent(EventPublishRequest)

Async:
    Async started = false
     Async result = null

Resolved Exception:
             Type = null

ModelAndView:
        View name = null
             View = null
            Model = null

FlashMap:
       Attributes = null

MockHttpServletResponse:
           Status = 200
    Error message = null
          Headers = [Content-Type:"application/json"]
     Content type = application/json
             Body = {"success":true,"eventId":null,"message":"事件发布成功，正在推送给订阅者"}
    Forwarded URL = null
   Redirected URL = null
          Cookies = []

MockHttpServletRequest:
      HTTP Method = POST
      Request URI = /api/events/publish
       Parameters = {}
          Headers = [Content-Type:"application/json;charset=UTF-8", Content-Length:"35"]
             Body = {"eventType":"EVENT_1","data":"{}"}
    Session Attrs = {}

Handler:
             Type = com.push.system.api.EventController
           Method = com.push.system.api.EventController#publishEvent(EventPublishRequest)

Async:
    Async started = false
     Async result = null

Resolved Exception:
             Type = null

ModelAndView:
        View name = null
             View = null
            Model = null

FlashMap:
       Attributes = null

MockHttpServletResponse:
           Status = 200
    Error message = null
          Headers = [Content-Type:"application/json"]
     Content type = application/json
             Body = {"success":true,"eventId":null,"message":"事件发布成功，正在推送给订阅者"}
    Forwarded URL = null
   Redirected URL = null
          Cookies = []
[ERROR] Tests run: 11, Failures: 3, Errors: 0, Skipped: 0, Time elapsed: 0.103 s <<< FAILURE! - in com.push.system.api.EventControllerTest
[ERROR] testPublishEventWithException  Time elapsed: 0.003 s  <<< FAILURE!
java.lang.AssertionError: JSON path "$.success" expected:<false> but was:<true>
	at com.push.system.api.EventControllerTest.testPublishEventWithException(EventControllerTest.java:141)

[ERROR] testPublishEventWithComplexData  Time elapsed: 0.002 s  <<< FAILURE!
java.lang.AssertionError: JSON path "$.eventId" expected:<evt_complex_123> but was:<null>
	at com.push.system.api.EventControllerTest.testPublishEventWithComplexData(EventControllerTest.java:228)

[ERROR] testPublishMultipleEvents  Time elapsed: 0.001 s  <<< FAILURE!
java.lang.AssertionError: JSON path "$.eventId" expected:<evt_1> but was:<null>
	at com.push.system.api.EventControllerTest.testPublishMultipleEvents(EventControllerTest.java:195)

[INFO] Running com.push.system.id.IdGeneratorTest
2026-09-07 09:55:55 [org.springframework.kafka.KafkaListenerEndpointContainer#3-1-C-1] WARN  o.apache.kafka.clients.NetworkClient - [Consumer clientId=consumer-external-push-consumer-group-5, groupId=external-push-consumer-group] Connection to node -1 (localhost/127.0.0.1:9092) could not be established. Broker may not be available.
2026-09-07 09:55:55 [org.springframework.kafka.KafkaListenerEndpointContainer#0-0-C-1] WARN  o.apache.kafka.clients.NetworkClient - [Consumer clientId=consumer-push-consumer-group-7, groupId=push-consumer-group] Connection to node -1 (localhost/127.0.0.1:9092) could not be established. Broker may not be available.
2026-09-07 09:55:55 [org.springframework.kafka.KafkaListenerEndpointContainer#2-2-C-1] WARN  o.apache.kafka.clients.NetworkClient - [Consumer clientId=consumer-push-consumer-group-3, groupId=push-consumer-group] Connection to node -1 (localhost/127.0.0.1:9092) could not be established. Broker may not be available.
2026-09-07 09:55:55 [org.springframework.kafka.KafkaListenerEndpointContainer#3-1-C-1] WARN  o.apache.kafka.clients.NetworkClient - [Consumer clientId=consumer-external-push-consumer-group-5, groupId=external-push-consumer-group] Bootstrap broker localhost:9092 (id: -1 rack: null) disconnected
2026-09-07 09:55:55 [org.springframework.kafka.KafkaListenerEndpointContainer#0-2-C-1] WARN  o.apache.kafka.clients.NetworkClient - [Consumer clientId=consumer-push-consumer-group-9, groupId=push-consumer-group] Connection to node -1 (localhost/127.0.0.1:9092) could not be established. Broker may not be available.
2026-09-07 09:55:55 [org.springframework.kafka.KafkaListenerEndpointContainer#2-2-C-1] WARN  o.apache.kafka.clients.NetworkClient - [Consumer clientId=consumer-push-consumer-group-3, groupId=push-consumer-group] Bootstrap broker localhost:9092 (id: -1 rack: null) disconnected
2026-09-07 09:55:55 [org.springframework.kafka.KafkaListenerEndpointContainer#1-0-C-1] WARN  o.apache.kafka.clients.NetworkClient - [Consumer clientId=consumer-push-consumer-group-10, groupId=push-consumer-group] Connection to node -1 (localhost/127.0.0.1:9092) could not be established. Broker may not be available.
2026-09-07 09:55:55 [org.springframework.kafka.KafkaListenerEndpointContainer#0-2-C-1] WARN  o.apache.kafka.clients.NetworkClient - [Consumer clientId=consumer-push-consumer-group-9, groupId=push-consumer-group] Bootstrap broker localhost:9092 (id: -1 rack: null) disconnected
2026-09-07 09:55:55 [org.springframework.kafka.KafkaListenerEndpointContainer#0-1-C-1] WARN  o.apache.kafka.clients.NetworkClient - [Consumer clientId=consumer-push-consumer-group-8, groupId=push-consumer-group] Connection to node -1 (localhost/127.0.0.1:9092) could not be established. Broker may not be available.
2026-09-07 09:55:55 [org.springframework.kafka.KafkaListenerEndpointContainer#2-1-C-1] WARN  o.apache.kafka.clients.NetworkClient - [Consumer clientId=consumer-push-consumer-group-2, groupId=push-consumer-group] Connection to node -1 (localhost/127.0.0.1:9092) could not be established. Broker may not be available.
2026-09-07 09:55:55 [org.springframework.kafka.KafkaListenerEndpointContainer#1-0-C-1] WARN  o.apache.kafka.clients.NetworkClient - [Consumer clientId=consumer-push-consumer-group-10, groupId=push-consumer-group] Bootstrap broker localhost:9092 (id: -1 rack: null) disconnected
2026-09-07 09:55:55 [org.springframework.kafka.KafkaListenerEndpointContainer#0-0-C-1] WARN  o.apache.kafka.clients.NetworkClient - [Consumer clientId=consumer-push-consumer-group-7, groupId=push-consumer-group] Bootstrap broker localhost:9092 (id: -1 rack: null) disconnected
2026-09-07 09:55:55 [org.springframework.kafka.KafkaListenerEndpointContainer#0-1-C-1] WARN  o.apache.kafka.clients.NetworkClient - [Consumer clientId=consumer-push-consumer-group-8, groupId=push-consumer-group] Bootstrap broker localhost:9092 (id: -1 rack: null) disconnected
2026-09-07 09:55:55 [org.springframework.kafka.KafkaListenerEndpointContainer#2-1-C-1] WARN  o.apache.kafka.clients.NetworkClient - [Consumer clientId=consumer-push-consumer-group-2, groupId=push-consumer-group] Bootstrap broker localhost:9092 (id: -1 rack: null) disconnected
[INFO] Tests run: 15, Failures: 0, Errors: 0, Skipped: 0, Time elapsed: 0.018 s - in com.push.system.id.IdGeneratorTest
[INFO] Running com.push.system.service.SubscriptionServiceTest
2026-09-07 09:55:55 [main] INFO  o.s.b.t.c.SpringBootTestContextBootstrapper - Neither @ContextConfiguration nor @ContextHierarchy found for test class [com.push.system.service.SubscriptionServiceTest], using SpringBootContextLoader
2026-09-07 09:55:55 [main] INFO  o.s.t.c.s.AbstractContextLoader - Could not detect default resource locations for test class [com.push.system.service.SubscriptionServiceTest]: no resource found for suffixes {-context.xml, Context.groovy}.
2026-09-07 09:55:55 [main] INFO  o.s.t.c.s.AnnotationConfigContextLoaderUtils - Could not detect default configuration classes for test class [com.push.system.service.SubscriptionServiceTest]: SubscriptionServiceTest does not declare any static, non-private, non-final, nested classes annotated with @Configuration.
2026-09-07 09:55:55 [main] INFO  o.s.b.t.c.SpringBootTestContextBootstrapper - Found @SpringBootConfiguration com.push.system.PushSystemApplication for test class com.push.system.service.SubscriptionServiceTest
2026-09-07 09:55:55 [main] INFO  o.s.b.t.c.SpringBootTestContextBootstrapper - Loaded default TestExecutionListener class names from location [META-INF/spring.factories]: [org.springframework.boot.test.mock.mockito.MockitoTestExecutionListener, org.springframework.boot.test.mock.mockito.ResetMocksTestExecutionListener, org.springframework.boot.test.autoconfigure.restdocs.RestDocsTestExecutionListener, org.springframework.boot.test.autoconfigure.web.client.MockRestServiceServerResetTestExecutionListener, org.springframework.boot.test.autoconfigure.web.servlet.MockMvcPrintOnlyOnFailureTestExecutionListener, org.springframework.boot.test.autoconfigure.web.servlet.WebDriverTestExecutionListener, org.springframework.boot.test.autoconfigure.webservices.client.MockWebServiceServerTestExecutionListener, org.springframework.test.context.web.ServletTestExecutionListener, org.springframework.test.context.support.DirtiesContextBeforeModesTestExecutionListener, org.springframework.test.context.event.ApplicationEventsTestExecutionListener, org.springframework.test.context.support.DependencyInjectionTestExecutionListener, org.springframework.test.context.support.DirtiesContextTestExecutionListener, org.springframework.test.context.transaction.TransactionalTestExecutionListener, org.springframework.test.context.jdbc.SqlScriptsTestExecutionListener, org.springframework.test.context.event.EventPublishingTestExecutionListener]
2026-09-07 09:55:55 [main] INFO  o.s.b.t.c.SpringBootTestContextBootstrapper - Using TestExecutionListeners: [org.springframework.test.context.web.ServletTestExecutionListener@35f22eef, org.springframework.test.context.support.DirtiesContextBeforeModesTestExecutionListener@5d20195b, org.springframework.test.context.event.ApplicationEventsTestExecutionListener@2674ca88, org.springframework.boot.test.mock.mockito.MockitoTestExecutionListener@67a3dd86, org.springframework.boot.test.autoconfigure.SpringBootDependencyInjectionTestExecutionListener@430212cb, org.springframework.test.context.support.DirtiesContextTestExecutionListener@1eb52131, org.springframework.test.context.transaction.TransactionalTestExecutionListener@1e1598e5, org.springframework.test.context.jdbc.SqlScriptsTestExecutionListener@67a3394c, org.springframework.test.context.event.EventPublishingTestExecutionListener@34e4fb39, org.springframework.boot.test.mock.mockito.ResetMocksTestExecutionListener@36fe83d, org.springframework.boot.test.autoconfigure.restdocs.RestDocsTestExecutionListener@310f8a05, org.springframework.boot.test.autoconfigure.web.client.MockRestServiceServerResetTestExecutionListener@4f98ac31, org.springframework.boot.test.autoconfigure.web.servlet.MockMvcPrintOnlyOnFailureTestExecutionListener@5cb6abc8, org.springframework.boot.test.autoconfigure.web.servlet.WebDriverTestExecutionListener@20e48e63, org.springframework.boot.test.autoconfigure.webservices.client.MockWebServiceServerTestExecutionListener@6d7677d8]

  .   ____          _            __ _ _
 /\\ / ___'_ __ _ _(_)_ __  __ _ \ \ \ \
( ( )\___ | '_ | '_| | '_ \/ _` | \ \ \ \
 \\/  ___)| |_)| | | | | || (_| |  ) ) ) )
  '  |____| .__|_| |_|_| |_\__, | / / / /
 =========|_|==============|___/=/_/_/_/
 :: Spring Boot ::               (v2.7.14)

2026-09-07 09:55:55 [main] INFO  c.p.s.s.SubscriptionServiceTest - Starting SubscriptionServiceTest using Java 21.0.10 on MacBook-Pro-3.local with PID 15516 (started by zhangyd in /Users/zhangyd/IdeaProjects/aicoding)
2026-09-07 09:55:55 [main] INFO  c.p.s.s.SubscriptionServiceTest - No active profile set, falling back to 1 default profile: "default"
2026-09-07 09:55:55 [org.springframework.kafka.KafkaListenerEndpointContainer#3-2-C-1] WARN  o.apache.kafka.clients.NetworkClient - [Consumer clientId=consumer-external-push-consumer-group-6, groupId=external-push-consumer-group] Connection to node -1 (localhost/127.0.0.1:9092) could not be established. Broker may not be available.
2026-09-07 09:55:55 [org.springframework.kafka.KafkaListenerEndpointContainer#3-0-C-1] WARN  o.apache.kafka.clients.NetworkClient - [Consumer clientId=consumer-external-push-consumer-group-4, groupId=external-push-consumer-group] Connection to node -1 (localhost/127.0.0.1:9092) could not be established. Broker may not be available.
2026-09-07 09:55:55 [org.springframework.kafka.KafkaListenerEndpointContainer#1-2-C-1] WARN  o.apache.kafka.clients.NetworkClient - [Consumer clientId=consumer-push-consumer-group-12, groupId=push-consumer-group] Connection to node -1 (localhost/127.0.0.1:9092) could not be established. Broker may not be available.
2026-09-07 09:55:55 [org.springframework.kafka.KafkaListenerEndpointContainer#3-0-C-1] WARN  o.apache.kafka.clients.NetworkClient - [Consumer clientId=consumer-external-push-consumer-group-4, groupId=external-push-consumer-group] Bootstrap broker localhost:9092 (id: -1 rack: null) disconnected
2026-09-07 09:55:55 [org.springframework.kafka.KafkaListenerEndpointContainer#3-2-C-1] WARN  o.apache.kafka.clients.NetworkClient - [Consumer clientId=consumer-external-push-consumer-group-6, groupId=external-push-consumer-group] Bootstrap broker localhost:9092 (id: -1 rack: null) disconnected
2026-09-07 09:55:55 [org.springframework.kafka.KafkaListenerEndpointContainer#1-2-C-1] WARN  o.apache.kafka.clients.NetworkClient - [Consumer clientId=consumer-push-consumer-group-12, groupId=push-consumer-group] Bootstrap broker localhost:9092 (id: -1 rack: null) disconnected
2026-09-07 09:55:55 [org.springframework.kafka.KafkaListenerEndpointContainer#2-0-C-1] WARN  o.apache.kafka.clients.NetworkClient - [Consumer clientId=consumer-push-consumer-group-1, groupId=push-consumer-group] Connection to node -1 (localhost/127.0.0.1:9092) could not be established. Broker may not be available.
2026-09-07 09:55:55 [org.springframework.kafka.KafkaListenerEndpointContainer#2-0-C-1] WARN  o.apache.kafka.clients.NetworkClient - [Consumer clientId=consumer-push-consumer-group-1, groupId=push-consumer-group] Bootstrap broker localhost:9092 (id: -1 rack: null) disconnected
2026-09-07 09:55:55 [main] WARN  o.m.s.mapper.ClassPathMapperScanner - No MyBatis mapper was found in '[com.push.system]' package. Please check your configuration.
2026-09-07 09:55:55 [main] INFO  c.p.s.service.SubscriptionService - 事件类型索引初始容量: 100
2026-09-07 09:55:55 [main] INFO  c.p.s.service.SubscriptionService - 创建订阅成功, ID: 1, 订阅者: CRM系统, 事件类型: [USER_REGISTERED, ORDER_CREATED]
2026-09-07 09:55:55 [main] INFO  c.p.s.service.SubscriptionService - 创建订阅成功, ID: 2, 订阅者: 物流系统, 事件类型: [ORDER_CREATED, ORDER_SHIPPED]
2026-09-07 09:55:55 [main] INFO  c.p.s.service.SubscriptionService - 创建订阅成功, ID: 3, 订阅者: 财务系统, 事件类型: [ORDER_PAID]
2026-09-07 09:55:55 [main] INFO  c.p.s.service.SubscriptionService - 加载示例订阅数据完成，共3个订阅
2026-09-07 09:55:55 [main] INFO  c.p.s.s.ThirdPartyConfigService - 开始加载第三方配置...
2026-09-07 09:55:55 [main] INFO  c.p.s.s.ThirdPartyConfigService - 加载第三方配置: code=supplier-a, name=供应商A系统
2026-09-07 09:55:55 [main] INFO  c.p.s.s.ThirdPartyConfigService - 第三方配置加载完成，共1个
2026-09-07 09:55:55 [main] INFO  com.push.system.http.HttpExecutor - HTTP执行器初始化完成，连接超时: 3000ms, 读取超时: 5000ms
2026-09-07 09:55:55 [main] INFO  com.push.system.core.UnifiedPusher - 启动统一推送执行层，工作线程数: 10
2026-09-07 09:55:55 [PushWorker-1] INFO  com.push.system.core.UnifiedPusher - 推送工作线程启动: PushWorker-1
2026-09-07 09:55:55 [PushWorker-2] INFO  com.push.system.core.UnifiedPusher - 推送工作线程启动: PushWorker-2
2026-09-07 09:55:55 [PushWorker-3] INFO  com.push.system.core.UnifiedPusher - 推送工作线程启动: PushWorker-3
2026-09-07 09:55:55 [PushWorker-4] INFO  com.push.system.core.UnifiedPusher - 推送工作线程启动: PushWorker-4
2026-09-07 09:55:55 [PushWorker-6] INFO  com.push.system.core.UnifiedPusher - 推送工作线程启动: PushWorker-6
2026-09-07 09:55:55 [PushWorker-5] INFO  com.push.system.core.UnifiedPusher - 推送工作线程启动: PushWorker-5
2026-09-07 09:55:55 [PushWorker-7] INFO  com.push.system.core.UnifiedPusher - 推送工作线程启动: PushWorker-7
2026-09-07 09:55:55 [PushWorker-8] INFO  com.push.system.core.UnifiedPusher - 推送工作线程启动: PushWorker-8
2026-09-07 09:55:55 [PushWorker-9] INFO  com.push.system.core.UnifiedPusher - 推送工作线程启动: PushWorker-9
2026-09-07 09:55:55 [PushWorker-10] INFO  com.push.system.core.UnifiedPusher - 推送工作线程启动: PushWorker-10
2026-09-07 09:55:55 [org.springframework.kafka.KafkaListenerEndpointContainer#1-1-C-1] WARN  o.apache.kafka.clients.NetworkClient - [Consumer clientId=consumer-push-consumer-group-11, groupId=push-consumer-group] Connection to node -1 (localhost/127.0.0.1:9092) could not be established. Broker may not be available.
2026-09-07 09:55:55 [org.springframework.kafka.KafkaListenerEndpointContainer#1-1-C-1] WARN  o.apache.kafka.clients.NetworkClient - [Consumer clientId=consumer-push-consumer-group-11, groupId=push-consumer-group] Bootstrap broker localhost:9092 (id: -1 rack: null) disconnected
2026-09-07 09:55:55 [org.springframework.kafka.KafkaListenerEndpointContainer#2-0-C-1] WARN  o.apache.kafka.clients.NetworkClient - [Consumer clientId=consumer-push-consumer-group-13, groupId=push-consumer-group] Connection to node -1 (localhost/127.0.0.1:9092) could not be established. Broker may not be available.
2026-09-07 09:55:55 [org.springframework.kafka.KafkaListenerEndpointContainer#2-0-C-1] WARN  o.apache.kafka.clients.NetworkClient - [Consumer clientId=consumer-push-consumer-group-13, groupId=push-consumer-group] Bootstrap broker localhost:9092 (id: -1 rack: null) disconnected
2026-09-07 09:55:55 [org.springframework.kafka.KafkaListenerEndpointContainer#2-1-C-1] WARN  o.apache.kafka.clients.NetworkClient - [Consumer clientId=consumer-push-consumer-group-14, groupId=push-consumer-group] Connection to node -1 (localhost/127.0.0.1:9092) could not be established. Broker may not be available.
2026-09-07 09:55:55 [org.springframework.kafka.KafkaListenerEndpointContainer#2-1-C-1] WARN  o.apache.kafka.clients.NetworkClient - [Consumer clientId=consumer-push-consumer-group-14, groupId=push-consumer-group] Bootstrap broker localhost:9092 (id: -1 rack: null) disconnected
2026-09-07 09:55:55 [org.springframework.kafka.KafkaListenerEndpointContainer#2-2-C-1] WARN  o.apache.kafka.clients.NetworkClient - [Consumer clientId=consumer-push-consumer-group-15, groupId=push-consumer-group] Connection to node -1 (localhost/127.0.0.1:9092) could not be established. Broker may not be available.
2026-09-07 09:55:55 [org.springframework.kafka.KafkaListenerEndpointContainer#2-2-C-1] WARN  o.apache.kafka.clients.NetworkClient - [Consumer clientId=consumer-push-consumer-group-15, groupId=push-consumer-group] Bootstrap broker localhost:9092 (id: -1 rack: null) disconnected
2026-09-07 09:55:55 [org.springframework.kafka.KafkaListenerEndpointContainer#3-0-C-1] WARN  o.apache.kafka.clients.NetworkClient - [Consumer clientId=consumer-external-push-consumer-group-16, groupId=external-push-consumer-group] Connection to node -1 (localhost/127.0.0.1:9092) could not be established. Broker may not be available.
2026-09-07 09:55:55 [org.springframework.kafka.KafkaListenerEndpointContainer#3-0-C-1] WARN  o.apache.kafka.clients.NetworkClient - [Consumer clientId=consumer-external-push-consumer-group-16, groupId=external-push-consumer-group] Bootstrap broker localhost:9092 (id: -1 rack: null) disconnected
2026-09-07 09:55:55 [org.springframework.kafka.KafkaListenerEndpointContainer#3-1-C-1] WARN  o.apache.kafka.clients.NetworkClient - [Consumer clientId=consumer-external-push-consumer-group-17, groupId=external-push-consumer-group] Connection to node -1 (localhost/127.0.0.1:9092) could not be established. Broker may not be available.
2026-09-07 09:55:55 [org.springframework.kafka.KafkaListenerEndpointContainer#3-1-C-1] WARN  o.apache.kafka.clients.NetworkClient - [Consumer clientId=consumer-external-push-consumer-group-17, groupId=external-push-consumer-group] Bootstrap broker localhost:9092 (id: -1 rack: null) disconnected
2026-09-07 09:55:55 [org.springframework.kafka.KafkaListenerEndpointContainer#3-2-C-1] WARN  o.apache.kafka.clients.NetworkClient - [Consumer clientId=consumer-external-push-consumer-group-18, groupId=external-push-consumer-group] Connection to node -1 (localhost/127.0.0.1:9092) could not be established. Broker may not be available.
2026-09-07 09:55:55 [org.springframework.kafka.KafkaListenerEndpointContainer#3-2-C-1] WARN  o.apache.kafka.clients.NetworkClient - [Consumer clientId=consumer-external-push-consumer-group-18, groupId=external-push-consumer-group] Bootstrap broker localhost:9092 (id: -1 rack: null) disconnected
2026-09-07 09:55:55 [org.springframework.kafka.KafkaListenerEndpointContainer#0-0-C-1] WARN  o.apache.kafka.clients.NetworkClient - [Consumer clientId=consumer-push-consumer-group-19, groupId=push-consumer-group] Connection to node -1 (localhost/127.0.0.1:9092) could not be established. Broker may not be available.
2026-09-07 09:55:55 [org.springframework.kafka.KafkaListenerEndpointContainer#0-0-C-1] WARN  o.apache.kafka.clients.NetworkClient - [Consumer clientId=consumer-push-consumer-group-19, groupId=push-consumer-group] Bootstrap broker localhost:9092 (id: -1 rack: null) disconnected
2026-09-07 09:55:55 [org.springframework.kafka.KafkaListenerEndpointContainer#0-1-C-1] WARN  o.apache.kafka.clients.NetworkClient - [Consumer clientId=consumer-push-consumer-group-20, groupId=push-consumer-group] Connection to node -1 (localhost/127.0.0.1:9092) could not be established. Broker may not be available.
2026-09-07 09:55:55 [org.springframework.kafka.KafkaListenerEndpointContainer#0-1-C-1] WARN  o.apache.kafka.clients.NetworkClient - [Consumer clientId=consumer-push-consumer-group-20, groupId=push-consumer-group] Bootstrap broker localhost:9092 (id: -1 rack: null) disconnected
2026-09-07 09:55:55 [org.springframework.kafka.KafkaListenerEndpointContainer#0-2-C-1] WARN  o.apache.kafka.clients.NetworkClient - [Consumer clientId=consumer-push-consumer-group-21, groupId=push-consumer-group] Connection to node -1 (localhost/127.0.0.1:9092) could not be established. Broker may not be available.
2026-09-07 09:55:55 [org.springframework.kafka.KafkaListenerEndpointContainer#0-2-C-1] WARN  o.apache.kafka.clients.NetworkClient - [Consumer clientId=consumer-push-consumer-group-21, groupId=push-consumer-group] Bootstrap broker localhost:9092 (id: -1 rack: null) disconnected
2026-09-07 09:55:55 [org.springframework.kafka.KafkaListenerEndpointContainer#1-0-C-1] WARN  o.apache.kafka.clients.NetworkClient - [Consumer clientId=consumer-push-consumer-group-22, groupId=push-consumer-group] Connection to node -1 (localhost/127.0.0.1:9092) could not be established. Broker may not be available.
2026-09-07 09:55:55 [org.springframework.kafka.KafkaListenerEndpointContainer#1-0-C-1] WARN  o.apache.kafka.clients.NetworkClient - [Consumer clientId=consumer-push-consumer-group-22, groupId=push-consumer-group] Bootstrap broker localhost:9092 (id: -1 rack: null) disconnected
2026-09-07 09:55:55 [org.springframework.kafka.KafkaListenerEndpointContainer#1-1-C-1] WARN  o.apache.kafka.clients.NetworkClient - [Consumer clientId=consumer-push-consumer-group-23, groupId=push-consumer-group] Connection to node -1 (localhost/127.0.0.1:9092) could not be established. Broker may not be available.
2026-09-07 09:55:55 [org.springframework.kafka.KafkaListenerEndpointContainer#1-1-C-1] WARN  o.apache.kafka.clients.NetworkClient - [Consumer clientId=consumer-push-consumer-group-23, groupId=push-consumer-group] Bootstrap broker localhost:9092 (id: -1 rack: null) disconnected
2026-09-07 09:55:55 [org.springframework.kafka.KafkaListenerEndpointContainer#1-2-C-1] WARN  o.apache.kafka.clients.NetworkClient - [Consumer clientId=consumer-push-consumer-group-24, groupId=push-consumer-group] Connection to node -1 (localhost/127.0.0.1:9092) could not be established. Broker may not be available.
2026-09-07 09:55:55 [org.springframework.kafka.KafkaListenerEndpointContainer#1-2-C-1] WARN  o.apache.kafka.clients.NetworkClient - [Consumer clientId=consumer-push-consumer-group-24, groupId=push-consumer-group] Bootstrap broker localhost:9092 (id: -1 rack: null) disconnected
2026-09-07 09:55:55 [main] INFO  c.p.s.s.SubscriptionServiceTest - Started SubscriptionServiceTest in 0.171 seconds (JVM running for 1.826)
2026-09-07 09:55:55 [main] INFO  c.p.s.service.SubscriptionService - 创建订阅成功, ID: 1, 订阅者: 系统1, 事件类型: [EVENT_A]
2026-09-07 09:55:55 [main] INFO  c.p.s.service.SubscriptionService - 创建订阅成功, ID: 2, 订阅者: 系统2, 事件类型: [EVENT_B]
2026-09-07 09:55:55 [main] INFO  c.p.s.service.SubscriptionService - 创建订阅成功, ID: 1, 订阅者: 多事件订阅系统, 事件类型: [EVENT_1, EVENT_2, EVENT_3]
2026-09-07 09:55:55 [main] INFO  c.p.s.service.SubscriptionService - 创建订阅成功, ID: 1, 订阅者: 订阅者1, 事件类型: [ORDER_CREATED, USER_REGISTERED]
2026-09-07 09:55:55 [main] INFO  c.p.s.service.SubscriptionService - 创建订阅成功, ID: 2, 订阅者: 订阅者2, 事件类型: [ORDER_CREATED]
2026-09-07 09:55:55 [main] INFO  c.p.s.service.SubscriptionService - 创建订阅成功, ID: 3, 订阅者: 订阅者3, 事件类型: [ORDER_PAID]
2026-09-07 09:55:55 [main] INFO  c.p.s.service.SubscriptionService - 创建订阅成功, ID: 1, 订阅者: 测试系统, 事件类型: [TEST_EVENT]
2026-09-07 09:55:55 [main] INFO  c.p.s.service.SubscriptionService - 创建订阅成功, ID: 1, 订阅者: 删除测试, 事件类型: [DELETE_EVENT]
2026-09-07 09:55:55 [main] INFO  c.p.s.service.SubscriptionService - 删除订阅成功, ID: 1
2026-09-07 09:55:55 [main] INFO  c.p.s.service.SubscriptionService - 创建订阅成功, ID: 1, 订阅者: 查询测试, 事件类型: [QUERY_EVENT]
2026-09-07 09:55:55 [main] INFO  c.p.s.service.SubscriptionService - 创建订阅成功, ID: 1, 订阅者: 更新测试, 事件类型: [OLD_EVENT]
2026-09-07 09:55:55 [main] INFO  c.p.s.service.SubscriptionService - 更新订阅成功, ID: 1
2026-09-07 09:55:55 [main] INFO  c.p.s.service.SubscriptionService - 创建订阅成功, ID: 1, 订阅者: 启用的订阅者, 事件类型: [TEST_EVENT]
2026-09-07 09:55:55 [main] INFO  c.p.s.service.SubscriptionService - 创建订阅成功, ID: 2, 订阅者: 禁用的订阅者, 事件类型: [TEST_EVENT]
[INFO] Tests run: 10, Failures: 0, Errors: 0, Skipped: 0, Time elapsed: 0.181 s - in com.push.system.service.SubscriptionServiceTest
[INFO] Running com.push.system.service.EventServiceTest
2026-09-07 09:55:55 [org.springframework.kafka.KafkaListenerEndpointContainer#2-0-C-1] WARN  o.apache.kafka.clients.NetworkClient - [Consumer clientId=consumer-push-consumer-group-13, groupId=push-consumer-group] Connection to node -1 (localhost/127.0.0.1:9092) could not be established. Broker may not be available.
2026-09-07 09:55:55 [org.springframework.kafka.KafkaListenerEndpointContainer#2-0-C-1] WARN  o.apache.kafka.clients.NetworkClient - [Consumer clientId=consumer-push-consumer-group-13, groupId=push-consumer-group] Bootstrap broker localhost:9092 (id: -1 rack: null) disconnected
2026-09-07 09:55:55 [org.springframework.kafka.KafkaListenerEndpointContainer#2-1-C-1] WARN  o.apache.kafka.clients.NetworkClient - [Consumer clientId=consumer-push-consumer-group-14, groupId=push-consumer-group] Connection to node -1 (localhost/127.0.0.1:9092) could not be established. Broker may not be available.
2026-09-07 09:55:55 [org.springframework.kafka.KafkaListenerEndpointContainer#2-1-C-1] WARN  o.apache.kafka.clients.NetworkClient - [Consumer clientId=consumer-push-consumer-group-14, groupId=push-consumer-group] Bootstrap broker localhost:9092 (id: -1 rack: null) disconnected
2026-09-07 09:55:55 [org.springframework.kafka.KafkaListenerEndpointContainer#2-2-C-1] WARN  o.apache.kafka.clients.NetworkClient - [Consumer clientId=consumer-push-consumer-group-15, groupId=push-consumer-group] Connection to node -1 (localhost/127.0.0.1:9092) could not be established. Broker may not be available.
2026-09-07 09:55:55 [org.springframework.kafka.KafkaListenerEndpointContainer#3-0-C-1] WARN  o.apache.kafka.clients.NetworkClient - [Consumer clientId=consumer-external-push-consumer-group-16, groupId=external-push-consumer-group] Connection to node -1 (localhost/127.0.0.1:9092) could not be established. Broker may not be available.
2026-09-07 09:55:55 [org.springframework.kafka.KafkaListenerEndpointContainer#2-2-C-1] WARN  o.apache.kafka.clients.NetworkClient - [Consumer clientId=consumer-push-consumer-group-15, groupId=push-consumer-group] Bootstrap broker localhost:9092 (id: -1 rack: null) disconnected
2026-09-07 09:55:55 [org.springframework.kafka.KafkaListenerEndpointContainer#3-0-C-1] WARN  o.apache.kafka.clients.NetworkClient - [Consumer clientId=consumer-external-push-consumer-group-16, groupId=external-push-consumer-group] Bootstrap broker localhost:9092 (id: -1 rack: null) disconnected
2026-09-07 09:55:55 [org.springframework.kafka.KafkaListenerEndpointContainer#3-1-C-1] WARN  o.apache.kafka.clients.NetworkClient - [Consumer clientId=consumer-external-push-consumer-group-17, groupId=external-push-consumer-group] Connection to node -1 (localhost/127.0.0.1:9092) could not be established. Broker may not be available.
2026-09-07 09:55:55 [org.springframework.kafka.KafkaListenerEndpointContainer#3-1-C-1] WARN  o.apache.kafka.clients.NetworkClient - [Consumer clientId=consumer-external-push-consumer-group-17, groupId=external-push-consumer-group] Bootstrap broker localhost:9092 (id: -1 rack: null) disconnected
2026-09-07 09:55:55 [org.springframework.kafka.KafkaListenerEndpointContainer#3-2-C-1] WARN  o.apache.kafka.clients.NetworkClient - [Consumer clientId=consumer-external-push-consumer-group-18, groupId=external-push-consumer-group] Connection to node -1 (localhost/127.0.0.1:9092) could not be established. Broker may not be available.
2026-09-07 09:55:55 [org.springframework.kafka.KafkaListenerEndpointContainer#3-2-C-1] WARN  o.apache.kafka.clients.NetworkClient - [Consumer clientId=consumer-external-push-consumer-group-18, groupId=external-push-consumer-group] Bootstrap broker localhost:9092 (id: -1 rack: null) disconnected
2026-09-07 09:55:55 [org.springframework.kafka.KafkaListenerEndpointContainer#0-0-C-1] WARN  o.apache.kafka.clients.NetworkClient - [Consumer clientId=consumer-push-consumer-group-19, groupId=push-consumer-group] Connection to node -1 (localhost/127.0.0.1:9092) could not be established. Broker may not be available.
2026-09-07 09:55:55 [org.springframework.kafka.KafkaListenerEndpointContainer#0-1-C-1] WARN  o.apache.kafka.clients.NetworkClient - [Consumer clientId=consumer-push-consumer-group-20, groupId=push-consumer-group] Connection to node -1 (localhost/127.0.0.1:9092) could not be established. Broker may not be available.
2026-09-07 09:55:55 [org.springframework.kafka.KafkaListenerEndpointContainer#0-0-C-1] WARN  o.apache.kafka.clients.NetworkClient - [Consumer clientId=consumer-push-consumer-group-19, groupId=push-consumer-group] Bootstrap broker localhost:9092 (id: -1 rack: null) disconnected
2026-09-07 09:55:55 [org.springframework.kafka.KafkaListenerEndpointContainer#0-1-C-1] WARN  o.apache.kafka.clients.NetworkClient - [Consumer clientId=consumer-push-consumer-group-20, groupId=push-consumer-group] Bootstrap broker localhost:9092 (id: -1 rack: null) disconnected
2026-09-07 09:55:55 [org.springframework.kafka.KafkaListenerEndpointContainer#0-2-C-1] WARN  o.apache.kafka.clients.NetworkClient - [Consumer clientId=consumer-push-consumer-group-21, groupId=push-consumer-group] Connection to node -1 (localhost/127.0.0.1:9092) could not be established. Broker may not be available.
2026-09-07 09:55:55 [org.springframework.kafka.KafkaListenerEndpointContainer#0-2-C-1] WARN  o.apache.kafka.clients.NetworkClient - [Consumer clientId=consumer-push-consumer-group-21, groupId=push-consumer-group] Bootstrap broker localhost:9092 (id: -1 rack: null) disconnected
2026-09-07 09:55:55 [org.springframework.kafka.KafkaListenerEndpointContainer#1-0-C-1] WARN  o.apache.kafka.clients.NetworkClient - [Consumer clientId=consumer-push-consumer-group-22, groupId=push-consumer-group] Connection to node -1 (localhost/127.0.0.1:9092) could not be established. Broker may not be available.
2026-09-07 09:55:55 [org.springframework.kafka.KafkaListenerEndpointContainer#1-0-C-1] WARN  o.apache.kafka.clients.NetworkClient - [Consumer clientId=consumer-push-consumer-group-22, groupId=push-consumer-group] Bootstrap broker localhost:9092 (id: -1 rack: null) disconnected
2026-09-07 09:55:55 [org.springframework.kafka.KafkaListenerEndpointContainer#1-1-C-1] WARN  o.apache.kafka.clients.NetworkClient - [Consumer clientId=consumer-push-consumer-group-23, groupId=push-consumer-group] Connection to node -1 (localhost/127.0.0.1:9092) could not be established. Broker may not be available.
2026-09-07 09:55:55 [org.springframework.kafka.KafkaListenerEndpointContainer#1-1-C-1] WARN  o.apache.kafka.clients.NetworkClient - [Consumer clientId=consumer-push-consumer-group-23, groupId=push-consumer-group] Bootstrap broker localhost:9092 (id: -1 rack: null) disconnected
2026-09-07 09:55:55 [org.springframework.kafka.KafkaListenerEndpointContainer#1-2-C-1] WARN  o.apache.kafka.clients.NetworkClient - [Consumer clientId=consumer-push-consumer-group-24, groupId=push-consumer-group] Connection to node -1 (localhost/127.0.0.1:9092) could not be established. Broker may not be available.
2026-09-07 09:55:55 [org.springframework.kafka.KafkaListenerEndpointContainer#1-2-C-1] WARN  o.apache.kafka.clients.NetworkClient - [Consumer clientId=consumer-push-consumer-group-24, groupId=push-consumer-group] Bootstrap broker localhost:9092 (id: -1 rack: null) disconnected
2026-09-07 09:55:55 [main] INFO  com.push.system.service.EventService - 事件发布, eventId: evt_1788746155587_1, eventType: NO_SUBSCRIBER_EVENT, bizId: null
2026-09-07 09:55:55 [main] WARN  com.push.system.service.EventService - 事件没有订阅者, eventId: evt_1788746155587_1, eventType: NO_SUBSCRIBER_EVENT
2026-09-07 09:55:55 [main] INFO  com.push.system.service.EventService - 事件发布, eventId: evt_1788746155589_1, eventType: ORDER_CREATED, bizId: order-12345
2026-09-07 09:55:55 [main] INFO  com.push.system.service.EventService - 事件找到2个订阅者, eventId: evt_1788746155589_1, eventType: ORDER_CREATED
2026-09-07 09:55:55 [main] INFO  com.push.system.service.EventService - 事件发布, eventId: evt_1788746155590_1, eventType: UNIQUE_ID_TEST, bizId: biz1
2026-09-07 09:55:55 [main] WARN  com.push.system.service.EventService - 事件没有订阅者, eventId: evt_1788746155590_1, eventType: UNIQUE_ID_TEST
2026-09-07 09:55:55 [main] INFO  com.push.system.service.EventService - 事件发布, eventId: evt_1788746155590_2, eventType: UNIQUE_ID_TEST, bizId: biz2
2026-09-07 09:55:55 [main] WARN  com.push.system.service.EventService - 事件没有订阅者, eventId: evt_1788746155590_2, eventType: UNIQUE_ID_TEST
2026-09-07 09:55:55 [main] INFO  com.push.system.service.EventService - 事件发布, eventId: evt_1788746155590_1, eventType: TEST_EVENT, bizId: null
2026-09-07 09:55:55 [main] WARN  com.push.system.service.EventService - 事件没有订阅者, eventId: evt_1788746155590_1, eventType: TEST_EVENT
2026-09-07 09:55:55 [main] INFO  com.push.system.service.EventService - 事件发布, eventId: evt_1788746155591_1, eventType: SINGLE_SUB_EVENT, bizId: null
2026-09-07 09:55:55 [main] INFO  com.push.system.service.EventService - 事件找到1个订阅者, eventId: evt_1788746155591_1, eventType: SINGLE_SUB_EVENT
[ERROR] Tests run: 6, Failures: 2, Errors: 0, Skipped: 0, Time elapsed: 0.143 s <<< FAILURE! - in com.push.system.service.EventServiceTest
[ERROR] testPublishEventWithNoSubscribers  Time elapsed: 0.14 s  <<< FAILURE!
org.mockito.exceptions.verification.WantedButNotInvoked: 

Wanted but not invoked:
eventPublisher.publishToSubscribers(
    <any com.push.system.entity.Event>,
    []
);
-> at com.push.system.service.EventServiceTest.testPublishEventWithNoSubscribers(EventServiceTest.java:109)
Actually, there were zero interactions with this mock.

	at com.push.system.service.EventServiceTest.testPublishEventWithNoSubscribers(EventServiceTest.java:109)

[ERROR] testPublishEventWithNullBizId  Time elapsed: 0.001 s  <<< FAILURE!
org.mockito.exceptions.verification.WantedButNotInvoked: 

Wanted but not invoked:
eventPublisher.publishToSubscribers(
    <any com.push.system.entity.Event>,
    <any List>
);
-> at com.push.system.service.EventServiceTest.testPublishEventWithNullBizId(EventServiceTest.java:124)
Actually, there were zero interactions with this mock.

	at com.push.system.service.EventServiceTest.testPublishEventWithNullBizId(EventServiceTest.java:124)

2026-09-07 09:55:55 [SpringApplicationShutdownHook] INFO  com.push.system.core.UnifiedPusher - 正在停止统一推送执行层...
2026-09-07 09:55:55 [org.springframework.kafka.KafkaListenerEndpointContainer#3-2-C-1] WARN  o.apache.kafka.clients.NetworkClient - [Consumer clientId=consumer-external-push-consumer-group-18, groupId=external-push-consumer-group] Connection to node -1 (localhost/127.0.0.1:9092) could not be established. Broker may not be available.
2026-09-07 09:55:55 [org.springframework.kafka.KafkaListenerEndpointContainer#3-2-C-1] WARN  o.apache.kafka.clients.NetworkClient - [Consumer clientId=consumer-external-push-consumer-group-18, groupId=external-push-consumer-group] Bootstrap broker localhost:9092 (id: -1 rack: null) disconnected
2026-09-07 09:55:55 [org.springframework.kafka.KafkaListenerEndpointContainer#0-1-C-1] WARN  o.apache.kafka.clients.NetworkClient - [Consumer clientId=consumer-push-consumer-group-20, groupId=push-consumer-group] Connection to node -1 (localhost/127.0.0.1:9092) could not be established. Broker may not be available.
2026-09-07 09:55:55 [org.springframework.kafka.KafkaListenerEndpointContainer#0-1-C-1] WARN  o.apache.kafka.clients.NetworkClient - [Consumer clientId=consumer-push-consumer-group-20, groupId=push-consumer-group] Bootstrap broker localhost:9092 (id: -1 rack: null) disconnected
2026-09-07 09:55:55 [org.springframework.kafka.KafkaListenerEndpointContainer#0-2-C-1] WARN  o.apache.kafka.clients.NetworkClient - [Consumer clientId=consumer-push-consumer-group-21, groupId=push-consumer-group] Connection to node -1 (localhost/127.0.0.1:9092) could not be established. Broker may not be available.
2026-09-07 09:55:55 [org.springframework.kafka.KafkaListenerEndpointContainer#0-2-C-1] WARN  o.apache.kafka.clients.NetworkClient - [Consumer clientId=consumer-push-consumer-group-21, groupId=push-consumer-group] Bootstrap broker localhost:9092 (id: -1 rack: null) disconnected
2026-09-07 09:55:55 [org.springframework.kafka.KafkaListenerEndpointContainer#1-0-C-1] WARN  o.apache.kafka.clients.NetworkClient - [Consumer clientId=consumer-push-consumer-group-22, groupId=push-consumer-group] Connection to node -1 (localhost/127.0.0.1:9092) could not be established. Broker may not be available.
2026-09-07 09:55:55 [org.springframework.kafka.KafkaListenerEndpointContainer#1-0-C-1] WARN  o.apache.kafka.clients.NetworkClient - [Consumer clientId=consumer-push-consumer-group-22, groupId=push-consumer-group] Bootstrap broker localhost:9092 (id: -1 rack: null) disconnected
2026-09-07 09:55:55 [org.springframework.kafka.KafkaListenerEndpointContainer#1-1-C-1] WARN  o.apache.kafka.clients.NetworkClient - [Consumer clientId=consumer-push-consumer-group-23, groupId=push-consumer-group] Connection to node -1 (localhost/127.0.0.1:9092) could not be established. Broker may not be available.
2026-09-07 09:55:55 [org.springframework.kafka.KafkaListenerEndpointContainer#1-1-C-1] WARN  o.apache.kafka.clients.NetworkClient - [Consumer clientId=consumer-push-consumer-group-23, groupId=push-consumer-group] Bootstrap broker localhost:9092 (id: -1 rack: null) disconnected
2026-09-07 09:55:55 [org.springframework.kafka.KafkaListenerEndpointContainer#1-2-C-1] WARN  o.apache.kafka.clients.NetworkClient - [Consumer clientId=consumer-push-consumer-group-24, groupId=push-consumer-group] Connection to node -1 (localhost/127.0.0.1:9092) could not be established. Broker may not be available.
2026-09-07 09:55:55 [org.springframework.kafka.KafkaListenerEndpointContainer#1-2-C-1] WARN  o.apache.kafka.clients.NetworkClient - [Consumer clientId=consumer-push-consumer-group-24, groupId=push-consumer-group] Bootstrap broker localhost:9092 (id: -1 rack: null) disconnected
2026-09-07 09:55:55 [org.springframework.kafka.KafkaListenerEndpointContainer#2-0-C-1] WARN  o.apache.kafka.clients.NetworkClient - [Consumer clientId=consumer-push-consumer-group-13, groupId=push-consumer-group] Connection to node -1 (localhost/127.0.0.1:9092) could not be established. Broker may not be available.
2026-09-07 09:55:55 [org.springframework.kafka.KafkaListenerEndpointContainer#2-0-C-1] WARN  o.apache.kafka.clients.NetworkClient - [Consumer clientId=consumer-push-consumer-group-13, groupId=push-consumer-group] Bootstrap broker localhost:9092 (id: -1 rack: null) disconnected
2026-09-07 09:55:55 [org.springframework.kafka.KafkaListenerEndpointContainer#2-1-C-1] WARN  o.apache.kafka.clients.NetworkClient - [Consumer clientId=consumer-push-consumer-group-14, groupId=push-consumer-group] Connection to node -1 (localhost/127.0.0.1:9092) could not be established. Broker may not be available.
2026-09-07 09:55:55 [org.springframework.kafka.KafkaListenerEndpointContainer#2-1-C-1] WARN  o.apache.kafka.clients.NetworkClient - [Consumer clientId=consumer-push-consumer-group-14, groupId=push-consumer-group] Bootstrap broker localhost:9092 (id: -1 rack: null) disconnected
2026-09-07 09:55:55 [org.springframework.kafka.KafkaListenerEndpointContainer#2-2-C-1] WARN  o.apache.kafka.clients.NetworkClient - [Consumer clientId=consumer-push-consumer-group-15, groupId=push-consumer-group] Connection to node -1 (localhost/127.0.0.1:9092) could not be established. Broker may not be available.
2026-09-07 09:55:55 [org.springframework.kafka.KafkaListenerEndpointContainer#3-0-C-1] WARN  o.apache.kafka.clients.NetworkClient - [Consumer clientId=consumer-external-push-consumer-group-16, groupId=external-push-consumer-group] Connection to node -1 (localhost/127.0.0.1:9092) could not be established. Broker may not be available.
2026-09-07 09:55:55 [org.springframework.kafka.KafkaListenerEndpointContainer#2-2-C-1] WARN  o.apache.kafka.clients.NetworkClient - [Consumer clientId=consumer-push-consumer-group-15, groupId=push-consumer-group] Bootstrap broker localhost:9092 (id: -1 rack: null) disconnected
2026-09-07 09:55:55 [org.springframework.kafka.KafkaListenerEndpointContainer#3-0-C-1] WARN  o.apache.kafka.clients.NetworkClient - [Consumer clientId=consumer-external-push-consumer-group-16, groupId=external-push-consumer-group] Bootstrap broker localhost:9092 (id: -1 rack: null) disconnected
2026-09-07 09:55:55 [org.springframework.kafka.KafkaListenerEndpointContainer#3-1-C-1] WARN  o.apache.kafka.clients.NetworkClient - [Consumer clientId=consumer-external-push-consumer-group-17, groupId=external-push-consumer-group] Connection to node -1 (localhost/127.0.0.1:9092) could not be established. Broker may not be available.
2026-09-07 09:55:55 [org.springframework.kafka.KafkaListenerEndpointContainer#3-1-C-1] WARN  o.apache.kafka.clients.NetworkClient - [Consumer clientId=consumer-external-push-consumer-group-17, groupId=external-push-consumer-group] Bootstrap broker localhost:9092 (id: -1 rack: null) disconnected
2026-09-07 09:55:55 [org.springframework.kafka.KafkaListenerEndpointContainer#0-0-C-1] WARN  o.apache.kafka.clients.NetworkClient - [Consumer clientId=consumer-push-consumer-group-19, groupId=push-consumer-group] Connection to node -1 (localhost/127.0.0.1:9092) could not be established. Broker may not be available.
2026-09-07 09:55:55 [org.springframework.kafka.KafkaListenerEndpointContainer#0-0-C-1] WARN  o.apache.kafka.clients.NetworkClient - [Consumer clientId=consumer-push-consumer-group-19, groupId=push-consumer-group] Bootstrap broker localhost:9092 (id: -1 rack: null) disconnected
2026-09-07 09:55:55 [org.springframework.kafka.KafkaListenerEndpointContainer#0-1-C-1] WARN  o.apache.kafka.clients.NetworkClient - [Consumer clientId=consumer-push-consumer-group-20, groupId=push-consumer-group] Connection to node -1 (localhost/127.0.0.1:9092) could not be established. Broker may not be available.
2026-09-07 09:55:55 [org.springframework.kafka.KafkaListenerEndpointContainer#0-1-C-1] WARN  o.apache.kafka.clients.NetworkClient - [Consumer clientId=consumer-push-consumer-group-20, groupId=push-consumer-group] Bootstrap broker localhost:9092 (id: -1 rack: null) disconnected
2026-09-07 09:55:55 [org.springframework.kafka.KafkaListenerEndpointContainer#1-0-C-1] WARN  o.apache.kafka.clients.NetworkClient - [Consumer clientId=consumer-push-consumer-group-22, groupId=push-consumer-group] Connection to node -1 (localhost/127.0.0.1:9092) could not be established. Broker may not be available.
2026-09-07 09:55:55 [org.springframework.kafka.KafkaListenerEndpointContainer#1-0-C-1] WARN  o.apache.kafka.clients.NetworkClient - [Consumer clientId=consumer-push-consumer-group-22, groupId=push-consumer-group] Bootstrap broker localhost:9092 (id: -1 rack: null) disconnected
2026-09-07 09:55:55 [org.springframework.kafka.KafkaListenerEndpointContainer#1-2-C-1] WARN  o.apache.kafka.clients.NetworkClient - [Consumer clientId=consumer-push-consumer-group-24, groupId=push-consumer-group] Connection to node -1 (localhost/127.0.0.1:9092) could not be established. Broker may not be available.
2026-09-07 09:55:55 [org.springframework.kafka.KafkaListenerEndpointContainer#1-1-C-1] WARN  o.apache.kafka.clients.NetworkClient - [Consumer clientId=consumer-push-consumer-group-23, groupId=push-consumer-group] Connection to node -1 (localhost/127.0.0.1:9092) could not be established. Broker may not be available.
2026-09-07 09:55:55 [org.springframework.kafka.KafkaListenerEndpointContainer#1-2-C-1] WARN  o.apache.kafka.clients.NetworkClient - [Consumer clientId=consumer-push-consumer-group-24, groupId=push-consumer-group] Bootstrap broker localhost:9092 (id: -1 rack: null) disconnected
2026-09-07 09:55:55 [org.springframework.kafka.KafkaListenerEndpointContainer#1-1-C-1] WARN  o.apache.kafka.clients.NetworkClient - [Consumer clientId=consumer-push-consumer-group-23, groupId=push-consumer-group] Bootstrap broker localhost:9092 (id: -1 rack: null) disconnected
2026-09-07 09:55:55 [org.springframework.kafka.KafkaListenerEndpointContainer#3-2-C-1] WARN  o.apache.kafka.clients.NetworkClient - [Consumer clientId=consumer-external-push-consumer-group-18, groupId=external-push-consumer-group] Connection to node -1 (localhost/127.0.0.1:9092) could not be established. Broker may not be available.
2026-09-07 09:55:55 [org.springframework.kafka.KafkaListenerEndpointContainer#3-1-C-1] WARN  o.apache.kafka.clients.NetworkClient - [Consumer clientId=consumer-external-push-consumer-group-17, groupId=external-push-consumer-group] Connection to node -1 (localhost/127.0.0.1:9092) could not be established. Broker may not be available.
2026-09-07 09:55:55 [org.springframework.kafka.KafkaListenerEndpointContainer#3-2-C-1] WARN  o.apache.kafka.clients.NetworkClient - [Consumer clientId=consumer-external-push-consumer-group-18, groupId=external-push-consumer-group] Bootstrap broker localhost:9092 (id: -1 rack: null) disconnected
2026-09-07 09:55:55 [org.springframework.kafka.KafkaListenerEndpointContainer#3-1-C-1] WARN  o.apache.kafka.clients.NetworkClient - [Consumer clientId=consumer-external-push-consumer-group-17, groupId=external-push-consumer-group] Bootstrap broker localhost:9092 (id: -1 rack: null) disconnected
2026-09-07 09:55:55 [org.springframework.kafka.KafkaListenerEndpointContainer#0-0-C-1] WARN  o.apache.kafka.clients.NetworkClient - [Consumer clientId=consumer-push-consumer-group-19, groupId=push-consumer-group] Connection to node -1 (localhost/127.0.0.1:9092) could not be established. Broker may not be available.
2026-09-07 09:55:55 [org.springframework.kafka.KafkaListenerEndpointContainer#0-0-C-1] WARN  o.apache.kafka.clients.NetworkClient - [Consumer clientId=consumer-push-consumer-group-19, groupId=push-consumer-group] Bootstrap broker localhost:9092 (id: -1 rack: null) disconnected
2026-09-07 09:55:55 [org.springframework.kafka.KafkaListenerEndpointContainer#0-2-C-1] WARN  o.apache.kafka.clients.NetworkClient - [Consumer clientId=consumer-push-consumer-group-21, groupId=push-consumer-group] Connection to node -1 (localhost/127.0.0.1:9092) could not be established. Broker may not be available.
2026-09-07 09:55:55 [org.springframework.kafka.KafkaListenerEndpointContainer#0-2-C-1] WARN  o.apache.kafka.clients.NetworkClient - [Consumer clientId=consumer-push-consumer-group-21, groupId=push-consumer-group] Bootstrap broker localhost:9092 (id: -1 rack: null) disconnected
2026-09-07 09:55:55 [org.springframework.kafka.KafkaListenerEndpointContainer#2-0-C-1] WARN  o.apache.kafka.clients.NetworkClient - [Consumer clientId=consumer-push-consumer-group-13, groupId=push-consumer-group] Connection to node -1 (localhost/127.0.0.1:9092) could not be established. Broker may not be available.
2026-09-07 09:55:55 [org.springframework.kafka.KafkaListenerEndpointContainer#2-1-C-1] WARN  o.apache.kafka.clients.NetworkClient - [Consumer clientId=consumer-push-consumer-group-14, groupId=push-consumer-group] Connection to node -1 (localhost/127.0.0.1:9092) could not be established. Broker may not be available.
2026-09-07 09:55:55 [org.springframework.kafka.KafkaListenerEndpointContainer#2-0-C-1] WARN  o.apache.kafka.clients.NetworkClient - [Consumer clientId=consumer-push-consumer-group-13, groupId=push-consumer-group] Bootstrap broker localhost:9092 (id: -1 rack: null) disconnected
2026-09-07 09:55:55 [org.springframework.kafka.KafkaListenerEndpointContainer#2-1-C-1] WARN  o.apache.kafka.clients.NetworkClient - [Consumer clientId=consumer-push-consumer-group-14, groupId=push-consumer-group] Bootstrap broker localhost:9092 (id: -1 rack: null) disconnected
2026-09-07 09:55:55 [org.springframework.kafka.KafkaListenerEndpointContainer#3-0-C-1] WARN  o.apache.kafka.clients.NetworkClient - [Consumer clientId=consumer-external-push-consumer-group-16, groupId=external-push-consumer-group] Connection to node -1 (localhost/127.0.0.1:9092) could not be established. Broker may not be available.
2026-09-07 09:55:55 [org.springframework.kafka.KafkaListenerEndpointContainer#2-2-C-1] WARN  o.apache.kafka.clients.NetworkClient - [Consumer clientId=consumer-push-consumer-group-15, groupId=push-consumer-group] Connection to node -1 (localhost/127.0.0.1:9092) could not be established. Broker may not be available.
2026-09-07 09:55:55 [org.springframework.kafka.KafkaListenerEndpointContainer#3-0-C-1] WARN  o.apache.kafka.clients.NetworkClient - [Consumer clientId=consumer-external-push-consumer-group-16, groupId=external-push-consumer-group] Bootstrap broker localhost:9092 (id: -1 rack: null) disconnected
2026-09-07 09:55:55 [org.springframework.kafka.KafkaListenerEndpointContainer#2-2-C-1] WARN  o.apache.kafka.clients.NetworkClient - [Consumer clientId=consumer-push-consumer-group-15, groupId=push-consumer-group] Bootstrap broker localhost:9092 (id: -1 rack: null) disconnected
2026-09-07 09:55:56 [org.springframework.kafka.KafkaListenerEndpointContainer#1-1-C-1] WARN  o.apache.kafka.clients.NetworkClient - [Consumer clientId=consumer-push-consumer-group-23, groupId=push-consumer-group] Connection to node -1 (localhost/127.0.0.1:9092) could not be established. Broker may not be available.
2026-09-07 09:55:56 [org.springframework.kafka.KafkaListenerEndpointContainer#1-1-C-1] WARN  o.apache.kafka.clients.NetworkClient - [Consumer clientId=consumer-push-consumer-group-23, groupId=push-consumer-group] Bootstrap broker localhost:9092 (id: -1 rack: null) disconnected
2026-09-07 09:55:56 [org.springframework.kafka.KafkaListenerEndpointContainer#0-0-C-1] WARN  o.apache.kafka.clients.NetworkClient - [Consumer clientId=consumer-push-consumer-group-19, groupId=push-consumer-group] Connection to node -1 (localhost/127.0.0.1:9092) could not be established. Broker may not be available.
2026-09-07 09:55:56 [org.springframework.kafka.KafkaListenerEndpointContainer#0-0-C-1] WARN  o.apache.kafka.clients.NetworkClient - [Consumer clientId=consumer-push-consumer-group-19, groupId=push-consumer-group] Bootstrap broker localhost:9092 (id: -1 rack: null) disconnected
2026-09-07 09:55:56 [org.springframework.kafka.KafkaListenerEndpointContainer#2-0-C-1] WARN  o.apache.kafka.clients.NetworkClient - [Consumer clientId=consumer-push-consumer-group-13, groupId=push-consumer-group] Connection to node -1 (localhost/127.0.0.1:9092) could not be established. Broker may not be available.
2026-09-07 09:55:56 [org.springframework.kafka.KafkaListenerEndpointContainer#2-0-C-1] WARN  o.apache.kafka.clients.NetworkClient - [Consumer clientId=consumer-push-consumer-group-13, groupId=push-consumer-group] Bootstrap broker localhost:9092 (id: -1 rack: null) disconnected
2026-09-07 09:55:56 [org.springframework.kafka.KafkaListenerEndpointContainer#1-2-C-1] WARN  o.apache.kafka.clients.NetworkClient - [Consumer clientId=consumer-push-consumer-group-24, groupId=push-consumer-group] Connection to node -1 (localhost/127.0.0.1:9092) could not be established. Broker may not be available.
2026-09-07 09:55:56 [org.springframework.kafka.KafkaListenerEndpointContainer#1-2-C-1] WARN  o.apache.kafka.clients.NetworkClient - [Consumer clientId=consumer-push-consumer-group-24, groupId=push-consumer-group] Bootstrap broker localhost:9092 (id: -1 rack: null) disconnected
2026-09-07 09:55:56 [org.springframework.kafka.KafkaListenerEndpointContainer#2-2-C-1] WARN  o.apache.kafka.clients.NetworkClient - [Consumer clientId=consumer-push-consumer-group-15, groupId=push-consumer-group] Connection to node -1 (localhost/127.0.0.1:9092) could not be established. Broker may not be available.
2026-09-07 09:55:56 [org.springframework.kafka.KafkaListenerEndpointContainer#2-2-C-1] WARN  o.apache.kafka.clients.NetworkClient - [Consumer clientId=consumer-push-consumer-group-15, groupId=push-consumer-group] Bootstrap broker localhost:9092 (id: -1 rack: null) disconnected
2026-09-07 09:55:56 [org.springframework.kafka.KafkaListenerEndpointContainer#3-1-C-1] WARN  o.apache.kafka.clients.NetworkClient - [Consumer clientId=consumer-external-push-consumer-group-17, groupId=external-push-consumer-group] Connection to node -1 (localhost/127.0.0.1:9092) could not be established. Broker may not be available.
2026-09-07 09:55:56 [org.springframework.kafka.KafkaListenerEndpointContainer#3-1-C-1] WARN  o.apache.kafka.clients.NetworkClient - [Consumer clientId=consumer-external-push-consumer-group-17, groupId=external-push-consumer-group] Bootstrap broker localhost:9092 (id: -1 rack: null) disconnected
2026-09-07 09:55:56 [org.springframework.kafka.KafkaListenerEndpointContainer#0-1-C-1] WARN  o.apache.kafka.clients.NetworkClient - [Consumer clientId=consumer-push-consumer-group-20, groupId=push-consumer-group] Connection to node -1 (localhost/127.0.0.1:9092) could not be established. Broker may not be available.
2026-09-07 09:55:56 [org.springframework.kafka.KafkaListenerEndpointContainer#0-1-C-1] WARN  o.apache.kafka.clients.NetworkClient - [Consumer clientId=consumer-push-consumer-group-20, groupId=push-consumer-group] Bootstrap broker localhost:9092 (id: -1 rack: null) disconnected
2026-09-07 09:55:56 [org.springframework.kafka.KafkaListenerEndpointContainer#0-2-C-1] WARN  o.apache.kafka.clients.NetworkClient - [Consumer clientId=consumer-push-consumer-group-21, groupId=push-consumer-group] Connection to node -1 (localhost/127.0.0.1:9092) could not be established. Broker may not be available.
2026-09-07 09:55:56 [org.springframework.kafka.KafkaListenerEndpointContainer#1-0-C-1] WARN  o.apache.kafka.clients.NetworkClient - [Consumer clientId=consumer-push-consumer-group-22, groupId=push-consumer-group] Connection to node -1 (localhost/127.0.0.1:9092) could not be established. Broker may not be available.
2026-09-07 09:55:56 [org.springframework.kafka.KafkaListenerEndpointContainer#0-2-C-1] WARN  o.apache.kafka.clients.NetworkClient - [Consumer clientId=consumer-push-consumer-group-21, groupId=push-consumer-group] Bootstrap broker localhost:9092 (id: -1 rack: null) disconnected
2026-09-07 09:55:56 [org.springframework.kafka.KafkaListenerEndpointContainer#1-0-C-1] WARN  o.apache.kafka.clients.NetworkClient - [Consumer clientId=consumer-push-consumer-group-22, groupId=push-consumer-group] Bootstrap broker localhost:9092 (id: -1 rack: null) disconnected
2026-09-07 09:55:56 [org.springframework.kafka.KafkaListenerEndpointContainer#3-0-C-1] WARN  o.apache.kafka.clients.NetworkClient - [Consumer clientId=consumer-external-push-consumer-group-16, groupId=external-push-consumer-group] Connection to node -1 (localhost/127.0.0.1:9092) could not be established. Broker may not be available.
2026-09-07 09:55:56 [org.springframework.kafka.KafkaListenerEndpointContainer#2-1-C-1] WARN  o.apache.kafka.clients.NetworkClient - [Consumer clientId=consumer-push-consumer-group-14, groupId=push-consumer-group] Connection to node -1 (localhost/127.0.0.1:9092) could not be established. Broker may not be available.
2026-09-07 09:55:56 [org.springframework.kafka.KafkaListenerEndpointContainer#3-0-C-1] WARN  o.apache.kafka.clients.NetworkClient - [Consumer clientId=consumer-external-push-consumer-group-16, groupId=external-push-consumer-group] Bootstrap broker localhost:9092 (id: -1 rack: null) disconnected
2026-09-07 09:55:56 [org.springframework.kafka.KafkaListenerEndpointContainer#2-1-C-1] WARN  o.apache.kafka.clients.NetworkClient - [Consumer clientId=consumer-push-consumer-group-14, groupId=push-consumer-group] Bootstrap broker localhost:9092 (id: -1 rack: null) disconnected
2026-09-07 09:55:56 [org.springframework.kafka.KafkaListenerEndpointContainer#3-2-C-1] WARN  o.apache.kafka.clients.NetworkClient - [Consumer clientId=consumer-external-push-consumer-group-18, groupId=external-push-consumer-group] Connection to node -1 (localhost/127.0.0.1:9092) could not be established. Broker may not be available.
2026-09-07 09:55:56 [org.springframework.kafka.KafkaListenerEndpointContainer#3-2-C-1] WARN  o.apache.kafka.clients.NetworkClient - [Consumer clientId=consumer-external-push-consumer-group-18, groupId=external-push-consumer-group] Bootstrap broker localhost:9092 (id: -1 rack: null) disconnected
2026-09-07 09:55:57 [org.springframework.kafka.KafkaListenerEndpointContainer#2-0-C-1] WARN  o.apache.kafka.clients.NetworkClient - [Consumer clientId=consumer-push-consumer-group-13, groupId=push-consumer-group] Connection to node -1 (localhost/127.0.0.1:9092) could not be established. Broker may not be available.
2026-09-07 09:55:57 [org.springframework.kafka.KafkaListenerEndpointContainer#2-0-C-1] WARN  o.apache.kafka.clients.NetworkClient - [Consumer clientId=consumer-push-consumer-group-13, groupId=push-consumer-group] Bootstrap broker localhost:9092 (id: -1 rack: null) disconnected
2026-09-07 09:55:57 [org.springframework.kafka.KafkaListenerEndpointContainer#2-2-C-1] WARN  o.apache.kafka.clients.NetworkClient - [Consumer clientId=consumer-push-consumer-group-15, groupId=push-consumer-group] Connection to node -1 (localhost/127.0.0.1:9092) could not be established. Broker may not be available.
2026-09-07 09:55:57 [org.springframework.kafka.KafkaListenerEndpointContainer#2-2-C-1] WARN  o.apache.kafka.clients.NetworkClient - [Consumer clientId=consumer-push-consumer-group-15, groupId=push-consumer-group] Bootstrap broker localhost:9092 (id: -1 rack: null) disconnected
2026-09-07 09:55:57 [org.springframework.kafka.KafkaListenerEndpointContainer#3-1-C-1] WARN  o.apache.kafka.clients.NetworkClient - [Consumer clientId=consumer-external-push-consumer-group-17, groupId=external-push-consumer-group] Connection to node -1 (localhost/127.0.0.1:9092) could not be established. Broker may not be available.
2026-09-07 09:55:57 [org.springframework.kafka.KafkaListenerEndpointContainer#3-1-C-1] WARN  o.apache.kafka.clients.NetworkClient - [Consumer clientId=consumer-external-push-consumer-group-17, groupId=external-push-consumer-group] Bootstrap broker localhost:9092 (id: -1 rack: null) disconnected
2026-09-07 09:55:57 [org.springframework.kafka.KafkaListenerEndpointContainer#0-0-C-1] WARN  o.apache.kafka.clients.NetworkClient - [Consumer clientId=consumer-push-consumer-group-19, groupId=push-consumer-group] Connection to node -1 (localhost/127.0.0.1:9092) could not be established. Broker may not be available.
2026-09-07 09:55:57 [org.springframework.kafka.KafkaListenerEndpointContainer#0-2-C-1] WARN  o.apache.kafka.clients.NetworkClient - [Consumer clientId=consumer-push-consumer-group-21, groupId=push-consumer-group] Connection to node -1 (localhost/127.0.0.1:9092) could not be established. Broker may not be available.
2026-09-07 09:55:57 [org.springframework.kafka.KafkaListenerEndpointContainer#0-0-C-1] WARN  o.apache.kafka.clients.NetworkClient - [Consumer clientId=consumer-push-consumer-group-19, groupId=push-consumer-group] Bootstrap broker localhost:9092 (id: -1 rack: null) disconnected
2026-09-07 09:55:57 [org.springframework.kafka.KafkaListenerEndpointContainer#0-2-C-1] WARN  o.apache.kafka.clients.NetworkClient - [Consumer clientId=consumer-push-consumer-group-21, groupId=push-consumer-group] Bootstrap broker localhost:9092 (id: -1 rack: null) disconnected
2026-09-07 09:55:57 [org.springframework.kafka.KafkaListenerEndpointContainer#1-1-C-1] WARN  o.apache.kafka.clients.NetworkClient - [Consumer clientId=consumer-push-consumer-group-23, groupId=push-consumer-group] Connection to node -1 (localhost/127.0.0.1:9092) could not be established. Broker may not be available.
2026-09-07 09:55:57 [org.springframework.kafka.KafkaListenerEndpointContainer#1-1-C-1] WARN  o.apache.kafka.clients.NetworkClient - [Consumer clientId=consumer-push-consumer-group-23, groupId=push-consumer-group] Bootstrap broker localhost:9092 (id: -1 rack: null) disconnected
2026-09-07 09:55:57 [org.springframework.kafka.KafkaListenerEndpointContainer#3-0-C-1] WARN  o.apache.kafka.clients.NetworkClient - [Consumer clientId=consumer-external-push-consumer-group-16, groupId=external-push-consumer-group] Connection to node -1 (localhost/127.0.0.1:9092) could not be established. Broker may not be available.
2026-09-07 09:55:57 [org.springframework.kafka.KafkaListenerEndpointContainer#3-0-C-1] WARN  o.apache.kafka.clients.NetworkClient - [Consumer clientId=consumer-external-push-consumer-group-16, groupId=external-push-consumer-group] Bootstrap broker localhost:9092 (id: -1 rack: null) disconnected
2026-09-07 09:55:57 [org.springframework.kafka.KafkaListenerEndpointContainer#2-1-C-1] WARN  o.apache.kafka.clients.NetworkClient - [Consumer clientId=consumer-push-consumer-group-14, groupId=push-consumer-group] Connection to node -1 (localhost/127.0.0.1:9092) could not be established. Broker may not be available.
2026-09-07 09:55:57 [org.springframework.kafka.KafkaListenerEndpointContainer#2-1-C-1] WARN  o.apache.kafka.clients.NetworkClient - [Consumer clientId=consumer-push-consumer-group-14, groupId=push-consumer-group] Bootstrap broker localhost:9092 (id: -1 rack: null) disconnected
2026-09-07 09:55:57 [org.springframework.kafka.KafkaListenerEndpointContainer#1-2-C-1] WARN  o.apache.kafka.clients.NetworkClient - [Consumer clientId=consumer-push-consumer-group-24, groupId=push-consumer-group] Connection to node -1 (localhost/127.0.0.1:9092) could not be established. Broker may not be available.
2026-09-07 09:55:57 [org.springframework.kafka.KafkaListenerEndpointContainer#1-2-C-1] WARN  o.apache.kafka.clients.NetworkClient - [Consumer clientId=consumer-push-consumer-group-24, groupId=push-consumer-group] Bootstrap broker localhost:9092 (id: -1 rack: null) disconnected
2026-09-07 09:55:57 [org.springframework.kafka.KafkaListenerEndpointContainer#0-1-C-1] WARN  o.apache.kafka.clients.NetworkClient - [Consumer clientId=consumer-push-consumer-group-20, groupId=push-consumer-group] Connection to node -1 (localhost/127.0.0.1:9092) could not be established. Broker may not be available.
2026-09-07 09:55:57 [org.springframework.kafka.KafkaListenerEndpointContainer#0-1-C-1] WARN  o.apache.kafka.clients.NetworkClient - [Consumer clientId=consumer-push-consumer-group-20, groupId=push-consumer-group] Bootstrap broker localhost:9092 (id: -1 rack: null) disconnected
2026-09-07 09:55:57 [org.springframework.kafka.KafkaListenerEndpointContainer#1-0-C-1] WARN  o.apache.kafka.clients.NetworkClient - [Consumer clientId=consumer-push-consumer-group-22, groupId=push-consumer-group] Connection to node -1 (localhost/127.0.0.1:9092) could not be established. Broker may not be available.
2026-09-07 09:55:57 [org.springframework.kafka.KafkaListenerEndpointContainer#1-0-C-1] WARN  o.apache.kafka.clients.NetworkClient - [Consumer clientId=consumer-push-consumer-group-22, groupId=push-consumer-group] Bootstrap broker localhost:9092 (id: -1 rack: null) disconnected
2026-09-07 09:55:57 [org.springframework.kafka.KafkaListenerEndpointContainer#3-2-C-1] WARN  o.apache.kafka.clients.NetworkClient - [Consumer clientId=consumer-external-push-consumer-group-18, groupId=external-push-consumer-group] Connection to node -1 (localhost/127.0.0.1:9092) could not be established. Broker may not be available.
2026-09-07 09:55:57 [org.springframework.kafka.KafkaListenerEndpointContainer#3-2-C-1] WARN  o.apache.kafka.clients.NetworkClient - [Consumer clientId=consumer-external-push-consumer-group-18, groupId=external-push-consumer-group] Bootstrap broker localhost:9092 (id: -1 rack: null) disconnected
2026-09-07 09:55:57 [PushWorker-4] INFO  com.push.system.core.UnifiedPusher - 推送工作线程退出: PushWorker-4
2026-09-07 09:55:57 [PushWorker-10] INFO  com.push.system.core.UnifiedPusher - 推送工作线程退出: PushWorker-10
2026-09-07 09:55:57 [PushWorker-6] INFO  com.push.system.core.UnifiedPusher - 推送工作线程退出: PushWorker-6
2026-09-07 09:55:57 [PushWorker-5] INFO  com.push.system.core.UnifiedPusher - 推送工作线程退出: PushWorker-5
2026-09-07 09:55:57 [PushWorker-9] INFO  com.push.system.core.UnifiedPusher - 推送工作线程退出: PushWorker-9
2026-09-07 09:55:57 [PushWorker-7] INFO  com.push.system.core.UnifiedPusher - 推送工作线程退出: PushWorker-7
2026-09-07 09:55:57 [PushWorker-8] INFO  com.push.system.core.UnifiedPusher - 推送工作线程退出: PushWorker-8
2026-09-07 09:55:57 [org.springframework.kafka.KafkaListenerEndpointContainer#2-2-C-1] WARN  o.apache.kafka.clients.NetworkClient - [Consumer clientId=consumer-push-consumer-group-15, groupId=push-consumer-group] Connection to node -1 (localhost/127.0.0.1:9092) could not be established. Broker may not be available.
2026-09-07 09:55:57 [org.springframework.kafka.KafkaListenerEndpointContainer#2-2-C-1] WARN  o.apache.kafka.clients.NetworkClient - [Consumer clientId=consumer-push-consumer-group-15, groupId=push-consumer-group] Bootstrap broker localhost:9092 (id: -1 rack: null) disconnected
2026-09-07 09:55:57 [org.springframework.kafka.KafkaListenerEndpointContainer#0-2-C-1] WARN  o.apache.kafka.clients.NetworkClient - [Consumer clientId=consumer-push-consumer-group-21, groupId=push-consumer-group] Connection to node -1 (localhost/127.0.0.1:9092) could not be established. Broker may not be available.
2026-09-07 09:55:57 [org.springframework.kafka.KafkaListenerEndpointContainer#0-2-C-1] WARN  o.apache.kafka.clients.NetworkClient - [Consumer clientId=consumer-push-consumer-group-21, groupId=push-consumer-group] Bootstrap broker localhost:9092 (id: -1 rack: null) disconnected
2026-09-07 09:55:57 [PushWorker-1] INFO  com.push.system.core.UnifiedPusher - 推送工作线程退出: PushWorker-1
2026-09-07 09:55:57 [PushWorker-3] INFO  com.push.system.core.UnifiedPusher - 推送工作线程退出: PushWorker-3
2026-09-07 09:55:57 [PushWorker-2] INFO  com.push.system.core.UnifiedPusher - 推送工作线程退出: PushWorker-2
2026-09-07 09:55:57 [SpringApplicationShutdownHook] INFO  com.push.system.core.UnifiedPusher - 统一推送执行层已停止
2026-09-07 09:55:57 [SpringApplicationShutdownHook] INFO  com.push.system.core.UnifiedPusher - 正在停止统一推送执行层...
2026-09-07 09:55:58 [PushWorker-10] INFO  com.push.system.core.UnifiedPusher - 推送工作线程退出: PushWorker-10
2026-09-07 09:55:58 [PushWorker-9] INFO  com.push.system.core.UnifiedPusher - 推送工作线程退出: PushWorker-9
2026-09-07 09:55:58 [PushWorker-3] INFO  com.push.system.core.UnifiedPusher - 推送工作线程退出: PushWorker-3
2026-09-07 09:55:58 [PushWorker-6] INFO  com.push.system.core.UnifiedPusher - 推送工作线程退出: PushWorker-6
2026-09-07 09:55:58 [PushWorker-1] INFO  com.push.system.core.UnifiedPusher - 推送工作线程退出: PushWorker-1
2026-09-07 09:55:58 [PushWorker-5] INFO  com.push.system.core.UnifiedPusher - 推送工作线程退出: PushWorker-5
2026-09-07 09:55:58 [PushWorker-7] INFO  com.push.system.core.UnifiedPusher - 推送工作线程退出: PushWorker-7
2026-09-07 09:55:58 [PushWorker-2] INFO  com.push.system.core.UnifiedPusher - 推送工作线程退出: PushWorker-2
2026-09-07 09:55:58 [PushWorker-4] INFO  com.push.system.core.UnifiedPusher - 推送工作线程退出: PushWorker-4
2026-09-07 09:55:58 [PushWorker-8] INFO  com.push.system.core.UnifiedPusher - 推送工作线程退出: PushWorker-8
2026-09-07 09:55:58 [SpringApplicationShutdownHook] INFO  com.push.system.core.UnifiedPusher - 统一推送执行层已停止
[INFO] 
[INFO] Results:
[INFO] 
[ERROR] Failures: 
[ERROR]   SubscriptionPublishIntegrationTest.testCompleteSubscriptionAndPublishFlow:58 expected: <true> but was: <false>
[ERROR]   EventControllerTest.testPublishEventWithComplexData:228 JSON path "$.eventId" expected:<evt_complex_123> but was:<null>
[ERROR]   EventControllerTest.testPublishEventWithException:141 JSON path "$.success" expected:<false> but was:<true>
[ERROR]   EventControllerTest.testPublishMultipleEvents:195 JSON path "$.eventId" expected:<evt_1> but was:<null>
[ERROR]   SubscriptionControllerTest.testCreateSubscription:60 JSON path "$.message" expected:<创建成功> but was:<操作成功>
[ERROR]   SubscriptionControllerTest.testCreateSubscriptionWithMissingFields:75 JSON path "$.success" expected:<false> but was:<true>
[ERROR]   SubscriptionControllerTest.testDisableSubscription:242 
Wanted but not invoked:
com.push.system.service.SubscriptionService#0 bean.getSubscription(
    1L
);
-> at com.push.system.api.SubscriptionControllerTest.testDisableSubscription(SubscriptionControllerTest.java:242)

However, there was exactly 1 interaction with this mock:
com.push.system.service.SubscriptionService#0 bean.updateSubscription(
    1L,
    com.push.system.entity.Subscription@77e6053
);
-> at com.push.system.api.SubscriptionController.disableSubscription(SubscriptionController.java:120)


[ERROR]   SubscriptionControllerTest.testEnableSubscription:217 
Wanted but not invoked:
com.push.system.service.SubscriptionService#0 bean.getSubscription(
    1L
);
-> at com.push.system.api.SubscriptionControllerTest.testEnableSubscription(SubscriptionControllerTest.java:217)

However, there was exactly 1 interaction with this mock:
com.push.system.service.SubscriptionService#0 bean.updateSubscription(
    1L,
    com.push.system.entity.Subscription@25765a49
);
-> at com.push.system.api.SubscriptionController.enableSubscription(SubscriptionController.java:105)


[ERROR]   EventServiceTest.testPublishEventWithNoSubscribers:109 
Wanted but not invoked:
eventPublisher.publishToSubscribers(
    <any com.push.system.entity.Event>,
    []
);
-> at com.push.system.service.EventServiceTest.testPublishEventWithNoSubscribers(EventServiceTest.java:109)
Actually, there were zero interactions with this mock.

[ERROR]   EventServiceTest.testPublishEventWithNullBizId:124 
Wanted but not invoked:
eventPublisher.publishToSubscribers(
    <any com.push.system.entity.Event>,
    <any List>
);
-> at com.push.system.service.EventServiceTest.testPublishEventWithNullBizId(EventServiceTest.java:124)
Actually, there were zero interactions with this mock.

[INFO] 
[ERROR] Tests run: 59, Failures: 10, Errors: 0, Skipped: 0
[INFO] 
[INFO] ------------------------------------------------------------------------
[INFO] BUILD FAILURE
[INFO] ------------------------------------------------------------------------
[INFO] Total time:  5.683 s
[INFO] Finished at: 2026-09-07T09:55:58+08:00
[INFO] ------------------------------------------------------------------------
[ERROR] Failed to execute goal org.apache.maven.plugins:maven-surefire-plugin:2.22.2:test (default-test) on project push-system: There are test failures.
[ERROR] 
[ERROR] Please refer to /Users/zhangyd/IdeaProjects/aicoding/target/surefire-reports for the individual test results.
[ERROR] Please refer to dump files (if any exist) [date].dump, [date]-jvmRun[N].dump and [date].dumpstream.
[ERROR] -> [Help 1]
[ERROR] 
[ERROR] To see the full stack trace of the errors, re-run Maven with the -e switch.
[ERROR] Re-run Maven using the -X switch to enable full debug logging.
[ERROR] 
[ERROR] For more information about the errors and possible solutions, please read the following articles:
[ERROR] [Help 1] http://cwiki.apache.org/confluence/display/MAVEN/MojoFailureException
